Archive member included to satisfy reference by file (symbol)

/usr/lib/gcc/arm-none-eabi/14.1.0/thumb/v6-m/nofp/libgcc.a(_dvmd_tls.o)
                              CMakeFiles/ledmatrix.dir/root/pico-sdk/src/rp2_common/pico_divider/divider_hardware.S.obj (__aeabi_idiv0)
/usr/lib/gcc/arm-none-eabi/14.1.0/../../../../arm-none-eabi/lib/thumb/v6-m/nofp/libg.a(libc_a-atexit.o)
                              /usr/lib/gcc/arm-none-eabi/14.1.0/../../../../arm-none-eabi/lib/thumb/v6-m/nofp/crt0.o (atexit)
/usr/lib/gcc/arm-none-eabi/14.1.0/../../../../arm-none-eabi/lib/thumb/v6-m/nofp/libg.a(libc_a-calloc.o)
                              CMakeFiles/ledmatrix.dir/root/pico-sdk/src/rp2_common/pico_malloc/malloc.c.obj (calloc)
/usr/lib/gcc/arm-none-eabi/14.1.0/../../../../arm-none-eabi/lib/thumb/v6-m/nofp/libg.a(libc_a-callocr.o)
                              /usr/lib/gcc/arm-none-eabi/14.1.0/../../../../arm-none-eabi/lib/thumb/v6-m/nofp/libg.a(libc_a-calloc.o) (_calloc_r)
/usr/lib/gcc/arm-none-eabi/14.1.0/../../../../arm-none-eabi/lib/thumb/v6-m/nofp/libg.a(libc_a-malloc.o)
                              CMakeFiles/ledmatrix.dir/root/pico-sdk/src/rp2_common/pico_malloc/malloc.c.obj (malloc)
/usr/lib/gcc/arm-none-eabi/14.1.0/../../../../arm-none-eabi/lib/thumb/v6-m/nofp/libg.a(libc_a-mallocr.o)
                              /usr/lib/gcc/arm-none-eabi/14.1.0/../../../../arm-none-eabi/lib/thumb/v6-m/nofp/libg.a(libc_a-callocr.o) (_malloc_r)
/usr/lib/gcc/arm-none-eabi/14.1.0/../../../../arm-none-eabi/lib/thumb/v6-m/nofp/libg.a(libc_a-mlock.o)
                              /usr/lib/gcc/arm-none-eabi/14.1.0/../../../../arm-none-eabi/lib/thumb/v6-m/nofp/libg.a(libc_a-mallocr.o) (__malloc_lock)
/usr/lib/gcc/arm-none-eabi/14.1.0/../../../../arm-none-eabi/lib/thumb/v6-m/nofp/libg.a(libc_a-realloc.o)
                              CMakeFiles/ledmatrix.dir/root/pico-sdk/src/rp2_common/pico_malloc/malloc.c.obj (realloc)
/usr/lib/gcc/arm-none-eabi/14.1.0/../../../../arm-none-eabi/lib/thumb/v6-m/nofp/libg.a(libc_a-reallocr.o)
                              /usr/lib/gcc/arm-none-eabi/14.1.0/../../../../arm-none-eabi/lib/thumb/v6-m/nofp/libg.a(libc_a-realloc.o) (_realloc_r)
/usr/lib/gcc/arm-none-eabi/14.1.0/../../../../arm-none-eabi/lib/thumb/v6-m/nofp/libg.a(libc_a-memcmp.o)
                              CMakeFiles/ledmatrix.dir/root/pico-sdk/src/rp2_common/pico_atomic/atomic.c.obj (memcmp)
/usr/lib/gcc/arm-none-eabi/14.1.0/../../../../arm-none-eabi/lib/thumb/v6-m/nofp/libg.a(libc_a-memmove.o)
                              /usr/lib/gcc/arm-none-eabi/14.1.0/../../../../arm-none-eabi/lib/thumb/v6-m/nofp/libg.a(libc_a-reallocr.o) (memmove)
/usr/lib/gcc/arm-none-eabi/14.1.0/../../../../arm-none-eabi/lib/thumb/v6-m/nofp/libg.a(libc_a-lcltime_r.o)
                              CMakeFiles/ledmatrix.dir/root/pico-sdk/src/common/pico_util/datetime.c.obj (localtime_r)
/usr/lib/gcc/arm-none-eabi/14.1.0/../../../../arm-none-eabi/lib/thumb/v6-m/nofp/libg.a(libc_a-mktime.o)
                              CMakeFiles/ledmatrix.dir/root/pico-sdk/src/common/pico_util/datetime.c.obj (mktime)
/usr/lib/gcc/arm-none-eabi/14.1.0/../../../../arm-none-eabi/lib/thumb/v6-m/nofp/libg.a(libc_a-month_lengths.o)
                              /usr/lib/gcc/arm-none-eabi/14.1.0/../../../../arm-none-eabi/lib/thumb/v6-m/nofp/libg.a(libc_a-lcltime_r.o) (__month_lengths)
/usr/lib/gcc/arm-none-eabi/14.1.0/../../../../arm-none-eabi/lib/thumb/v6-m/nofp/libg.a(libc_a-tzcalc_limits.o)
                              /usr/lib/gcc/arm-none-eabi/14.1.0/../../../../arm-none-eabi/lib/thumb/v6-m/nofp/libg.a(libc_a-lcltime_r.o) (__tzcalc_limits)
/usr/lib/gcc/arm-none-eabi/14.1.0/../../../../arm-none-eabi/lib/thumb/v6-m/nofp/libg.a(libc_a-tzlock.o)
                              /usr/lib/gcc/arm-none-eabi/14.1.0/../../../../arm-none-eabi/lib/thumb/v6-m/nofp/libg.a(libc_a-lcltime_r.o) (__tz_lock)
/usr/lib/gcc/arm-none-eabi/14.1.0/../../../../arm-none-eabi/lib/thumb/v6-m/nofp/libg.a(libc_a-tzset.o)
                              /usr/lib/gcc/arm-none-eabi/14.1.0/../../../../arm-none-eabi/lib/thumb/v6-m/nofp/libg.a(libc_a-lcltime_r.o) (_tzset_unlocked)
/usr/lib/gcc/arm-none-eabi/14.1.0/../../../../arm-none-eabi/lib/thumb/v6-m/nofp/libg.a(libc_a-tzset_r.o)
                              /usr/lib/gcc/arm-none-eabi/14.1.0/../../../../arm-none-eabi/lib/thumb/v6-m/nofp/libg.a(libc_a-tzset.o) (_tzset_unlocked_r)
/usr/lib/gcc/arm-none-eabi/14.1.0/../../../../arm-none-eabi/lib/thumb/v6-m/nofp/libg.a(libc_a-tzvars.o)
                              /usr/lib/gcc/arm-none-eabi/14.1.0/../../../../arm-none-eabi/lib/thumb/v6-m/nofp/libg.a(libc_a-tzset_r.o) (_timezone)
/usr/lib/gcc/arm-none-eabi/14.1.0/../../../../arm-none-eabi/lib/thumb/v6-m/nofp/libg.a(libc_a-impure.o)
                              /usr/lib/gcc/arm-none-eabi/14.1.0/../../../../arm-none-eabi/lib/thumb/v6-m/nofp/libg.a(libc_a-calloc.o) (_impure_ptr)
[...]
Memory Configuration

Name             Origin             Length             Attributes
FLASH            0x10000000         0x00200000         xr
RAM              0x20000000         0x00040000         xrw
SCRATCH_X        0x20040000         0x00001000         xrw
SCRATCH_Y        0x20041000         0x00001000         xrw
*default*        0x00000000         0xffffffff

Linker script and memory map

LOAD /usr/lib/gcc/arm-none-eabi/14.1.0/thumb/v6-m/nofp/crti.o
LOAD /usr/lib/gcc/arm-none-eabi/14.1.0/thumb/v6-m/nofp/crtbegin.o
LOAD /usr/lib/gcc/arm-none-eabi/14.1.0/../../../../arm-none-eabi/lib/thumb/v6-m/nofp/crt0.o

.flash_begin    0x10000000        0x0
                0x10000000                        __flash_binary_start = .

.boot2          0x10000000      0x100
                0x10000000                        __boot2_start__ = .
 *(.boot2)
 .boot2         0x10000000      0x100 /tmp/ccAJLdZC.o
                0x10000100                        __boot2_end__ = .
                0x00000001                        ASSERT (((__boot2_end__ - __boot2_start__) == 0x100), ERROR: Pico second stage bootloader must be 256 bytes in size)

.text           0x10000100     0x2094
                0x10000100                        __logical_binary_start = .
 *(.vectors)
 .vectors       0x10000100       0xd4 CMakeFiles/ledmatrix.dir/root/pico-sdk/src/rp2_common/pico_crt0/crt0.S.obj
                0x10000100                __vectors
                0x10000100                __VECTOR_TABLE
                0x100001c0                isr_invalid
                0x100001c0                __default_isrs_start
                0x100001c2                isr_nmi
                0x100001c4                isr_hardfault
                0x100001c6                isr_svcall
                0x100001c8                isr_pendsv
                0x100001ca                isr_systick
                0x100001cc                isr_irq30
                0x100001cc                __unhandled_user_irq
                0x100001cc                isr_irq13
                0x100001cc                isr_irq27
                0x100001cc                isr_irq31
                0x100001cc                isr_irq5
                0x100001cc                isr_irq11
                0x100001cc                isr_irq23
                0x100001cc                isr_irq18
                0x100001cc                isr_irq28
                0x100001cc                isr_irq19
                0x100001cc                isr_irq0
                0x100001cc                isr_irq6
                0x100001cc                isr_irq22
                0x100001cc                isr_irq17
                0x100001cc                isr_irq14
                0x100001cc                isr_irq2
                0x100001cc                isr_irq10
                0x100001cc                isr_irq8
                0x100001cc                isr_irq24
                0x100001cc                isr_irq1
                0x100001cc                isr_irq7
                0x100001cc                isr_irq21
                0x100001cc                isr_irq20
                0x100001cc                isr_irq15
                0x100001cc                isr_irq25
                0x100001cc                isr_irq4
                0x100001cc                isr_irq16
                0x100001cc                isr_irq29
                0x100001cc                isr_irq26
                0x100001cc                __default_isrs_end
                0x100001cc                isr_irq3
                0x100001cc                isr_irq12
                0x100001cc                isr_irq9
                0x100001d2                unhandled_user_irq_num_in_r0
 *(.binary_info_header)
 .binary_info_header
                0x100001d4       0x14 CMakeFiles/ledmatrix.dir/root/pico-sdk/src/rp2_common/pico_crt0/crt0.S.obj
                0x100001e8                        __binary_info_header_end = .
 *(.embedded_block)
                0x100001e8                        __embedded_block_end = .
 *(.reset)
 .reset         0x100001e8       0x9c CMakeFiles/ledmatrix.dir/root/pico-sdk/src/rp2_common/pico_crt0/crt0.S.obj
                0x100001e8                _entry_point
 *(.init)
 .init          0x10000284        0x4 /usr/lib/gcc/arm-none-eabi/14.1.0/thumb/v6-m/nofp/crti.o
                0x10000284                _init
 *(EXCLUDE_FILE(*libm.a: *libc.a:*lib_a-mem*.o *libgcc.a:) .text*)
 .text          0x10000288       0x98 /usr/lib/gcc/arm-none-eabi/14.1.0/thumb/v6-m/nofp/crtbegin.o
 .text.startup.main
                0x10000320      0x298 CMakeFiles/ledmatrix.dir/src/hub75.c.obj
                0x10000320                main
 .text.gpio_set_function
                0x100005b8       0x34 CMakeFiles/ledmatrix.dir/root/pico-sdk/src/rp2_common/hardware_gpio/gpio.c.obj
                0x100005b8                gpio_set_function
 .text.panic    0x100005ec       0x30 CMakeFiles/ledmatrix.dir/root/pico-sdk/src/rp2_common/pico_platform_panic/panic.c.obj
                0x100005ec                panic
 .text.hw_claim_lock
                0x1000061c       0x18 CMakeFiles/ledmatrix.dir/root/pico-sdk/src/common/hardware_claim/claim.c.obj
                0x1000061c                hw_claim_lock
 .text.hw_claim_unlock
                0x10000634       0x14 CMakeFiles/ledmatrix.dir/root/pico-sdk/src/common/hardware_claim/claim.c.obj
                0x10000634                hw_claim_unlock
 .text.hw_claim_or_assert
                0x10000648       0x44 CMakeFiles/ledmatrix.dir/root/pico-sdk/src/common/hardware_claim/claim.c.obj
                0x10000648                hw_claim_or_assert
 .text.next_striped_spin_lock_num
                0x1000068c       0x18 CMakeFiles/ledmatrix.dir/root/pico-sdk/src/rp2_common/hardware_sync/sync.c.obj
                0x1000068c                next_striped_spin_lock_num
 .text.spin_locks_reset
                0x100006a4       0x1c CMakeFiles/ledmatrix.dir/root/pico-sdk/src/rp2_common/hardware_sync_spin_lock/sync_spin_lock.c.obj
                0x100006a4                spin_locks_reset
 .text.runtime_init_per_core_irq_priorities
                0x100006c0       0x24 CMakeFiles/ledmatrix.dir/root/pico-sdk/src/rp2_common/hardware_irq/irq.c.obj
                0x100006c0                runtime_init_per_core_irq_priorities
 .text.irq_set_enabled
                0x100006e4       0x24 CMakeFiles/ledmatrix.dir/root/pico-sdk/src/rp2_common/hardware_irq/irq.c.obj
                0x100006e4                irq_set_enabled
 .text.irq_set_exclusive_handler
                0x10000708       0x54 CMakeFiles/ledmatrix.dir/root/pico-sdk/src/rp2_common/hardware_irq/irq.c.obj
                0x10000708                irq_set_exclusive_handler
 .text.irq_remove_handler
                0x1000075c      0x1d4 CMakeFiles/ledmatrix.dir/root/pico-sdk/src/rp2_common/hardware_irq/irq.c.obj
                0x1000075c                irq_remove_handler
 .text.irq_add_tail_to_free_list
                0x10000930       0xb4 CMakeFiles/ledmatrix.dir/root/pico-sdk/src/rp2_common/hardware_irq/irq.c.obj
                0x10000930                irq_add_tail_to_free_list
 .text.lock_init
                0x100009e4       0x10 CMakeFiles/ledmatrix.dir/root/pico-sdk/src/common/pico_sync/lock_core.c.obj
                0x100009e4                lock_init
 .text.runtime_init_mutex
                0x100009f4       0x50 CMakeFiles/ledmatrix.dir/root/pico-sdk/src/common/pico_sync/mutex.c.obj
                0x100009f4                runtime_init_mutex
 .text.sleep_until_callback
                0x10000a44       0x30 CMakeFiles/ledmatrix.dir/root/pico-sdk/src/common/pico_time/time.c.obj
 .text.alarm_pool_irq_handler
                0x10000a74      0x300 CMakeFiles/ledmatrix.dir/root/pico-sdk/src/common/pico_time/time.c.obj
 .text.runtime_init_default_alarm_pool
                0x10000d74       0xdc CMakeFiles/ledmatrix.dir/root/pico-sdk/src/common/pico_time/time.c.obj
                0x10000d74                runtime_init_default_alarm_pool
 .text.alarm_pool_cancel_alarm
                0x10000e50       0x74 CMakeFiles/ledmatrix.dir/root/pico-sdk/src/common/pico_time/time.c.obj
                0x10000e50                alarm_pool_cancel_alarm
 .text.best_effort_wfe_or_timeout
                0x10000ec4      0x134 CMakeFiles/ledmatrix.dir/root/pico-sdk/src/common/pico_time/time.c.obj
                0x10000ec4                best_effort_wfe_or_timeout
 .text.timer_hardware_alarm_claim
                0x10000ff8       0x14 CMakeFiles/ledmatrix.dir/root/pico-sdk/src/rp2_common/hardware_timer/timer.c.obj
                0x10000ff8                timer_hardware_alarm_claim
 .text.timer_time_us_64
                0x1000100c       0x10 CMakeFiles/ledmatrix.dir/root/pico-sdk/src/rp2_common/hardware_timer/timer.c.obj
                0x1000100c                timer_time_us_64
 .text.time_us_64
                0x1000101c       0x14 CMakeFiles/ledmatrix.dir/root/pico-sdk/src/rp2_common/hardware_timer/timer.c.obj
                0x1000101c                time_us_64
 .text.busy_wait_us
                0x10001030       0x68 CMakeFiles/ledmatrix.dir/root/pico-sdk/src/rp2_common/hardware_timer/timer.c.obj
                0x10001030                busy_wait_us
 .text.uart_init
                0x10001098      0x120 CMakeFiles/ledmatrix.dir/root/pico-sdk/src/rp2_common/hardware_uart/uart.c.obj
                0x10001098                uart_init
 .text.clock_configure_int_divider
                0x100011b8       0xf4 CMakeFiles/ledmatrix.dir/root/pico-sdk/src/rp2_common/hardware_clocks/clocks.c.obj
                0x100011b8                clock_configure_int_divider
 .text.clock_configure_undivided
                0x100012ac       0xe8 CMakeFiles/ledmatrix.dir/root/pico-sdk/src/rp2_common/hardware_clocks/clocks.c.obj
                0x100012ac                clock_configure_undivided
 .text.clock_get_hz
                0x10001394        0xc CMakeFiles/ledmatrix.dir/root/pico-sdk/src/rp2_common/hardware_clocks/clocks.c.obj
                0x10001394                clock_get_hz
 .text.pll_init
                0x100013a0       0xa4 CMakeFiles/ledmatrix.dir/root/pico-sdk/src/rp2_common/hardware_pll/pll.c.obj
                0x100013a0                pll_init
 .text.tick_start
                0x10001444       0x10 CMakeFiles/ledmatrix.dir/root/pico-sdk/src/rp2_common/hardware_ticks/ticks.c.obj
                0x10001444                tick_start
 .text.xosc_init
                0x10001454       0x28 CMakeFiles/ledmatrix.dir/root/pico-sdk/src/rp2_common/hardware_xosc/xosc.c.obj
                0x10001454                xosc_init
 .text.first_per_core_initializer
                0x1000147c        0x4 CMakeFiles/ledmatrix.dir/root/pico-sdk/src/rp2_common/pico_runtime/runtime.c.obj
 .text.hard_assertion_failure
                0x10001480        0xc CMakeFiles/ledmatrix.dir/root/pico-sdk/src/rp2_common/pico_runtime/runtime.c.obj
                0x10001480                hard_assertion_failure
 .text.runtime_run_initializers
                0x1000148c       0x28 CMakeFiles/ledmatrix.dir/root/pico-sdk/src/rp2_common/pico_runtime/runtime.c.obj
                0x1000148c                runtime_run_initializers
 .text.runtime_init_early_resets
                0x100014b4       0x2c CMakeFiles/ledmatrix.dir/root/pico-sdk/src/rp2_common/pico_runtime_init/runtime_init.c.obj
                0x100014b4                runtime_init_early_resets
 .text.runtime_init_usb_power_down
                0x100014e0       0x1c CMakeFiles/ledmatrix.dir/root/pico-sdk/src/rp2_common/pico_runtime_init/runtime_init.c.obj
                0x100014e0                runtime_init_usb_power_down
 .text.runtime_init_post_clock_resets
                0x100014fc       0x20 CMakeFiles/ledmatrix.dir/root/pico-sdk/src/rp2_common/pico_runtime_init/runtime_init.c.obj
                0x100014fc                runtime_init_post_clock_resets
 .text.runtime_init_rp2040_gpio_ie_disable
                0x1000151c       0x14 CMakeFiles/ledmatrix.dir/root/pico-sdk/src/rp2_common/pico_runtime_init/runtime_init.c.obj
                0x1000151c                runtime_init_rp2040_gpio_ie_disable
 .text.runtime_init_spin_locks_reset
                0x10001530        0x8 CMakeFiles/ledmatrix.dir/root/pico-sdk/src/rp2_common/pico_runtime_init/runtime_init.c.obj
                0x10001530                runtime_init_spin_locks_reset
 .text.runtime_init_install_ram_vector_table
                0x10001538       0x1c CMakeFiles/ledmatrix.dir/root/pico-sdk/src/rp2_common/pico_runtime_init/runtime_init.c.obj
                0x10001538                runtime_init_install_ram_vector_table
 .text.runtime_init_clocks
                0x10001554       0xd8 CMakeFiles/ledmatrix.dir/root/pico-sdk/src/rp2_common/pico_runtime_init/runtime_init_clocks.c.obj
                0x10001554                runtime_init_clocks
 .text          0x1000162c       0x10 CMakeFiles/ledmatrix.dir/root/pico-sdk/src/rp2_common/pico_bit_ops/bit_ops_aeabi.S.obj
 .text.rom_func_lookup
                0x1000163c       0x10 CMakeFiles/ledmatrix.dir/root/pico-sdk/src/rp2_common/pico_bootrom/bootrom.c.obj
                0x1000163c                rom_func_lookup
 .text.rom_data_lookup
                0x1000164c       0x10 CMakeFiles/ledmatrix.dir/root/pico-sdk/src/rp2_common/pico_bootrom/bootrom.c.obj
                0x1000164c                rom_data_lookup
 .text.rom_funcs_lookup
                0x1000165c       0x44 CMakeFiles/ledmatrix.dir/root/pico-sdk/src/rp2_common/pico_bootrom/bootrom.c.obj
                0x1000165c                rom_funcs_lookup
 .text.__wrap___aeabi_uidiv
                0x100016a0       0x4c CMakeFiles/ledmatrix.dir/root/pico-sdk/src/rp2_common/pico_divider/divider_hardware.S.obj
                0x100016a0                __wrap___aeabi_uidiv
                0x100016a0                __wrap___aeabi_uidivmod
                0x100016a0                div_u32u32
                0x100016a0                divmod_u32u32
                0x100016a8                divmod_u32u32_unsafe
                0x100016d0                divmod_u32u32_savestate
 .text.missing_double_func_shim
                0x100016ec        0xc CMakeFiles/ledmatrix.dir/root/pico-sdk/src/rp2_common/pico_double/double_init_rom_rp2040.c.obj
 .text.__aeabi_double_init
                0x100016f8       0xa0 CMakeFiles/ledmatrix.dir/root/pico-sdk/src/rp2_common/pico_double/double_init_rom_rp2040.c.obj
                0x100016f8                __aeabi_double_init
 .text.double_table_shim_on_use_helper
                0x10001798       0x2c CMakeFiles/ledmatrix.dir/root/pico-sdk/src/rp2_common/pico_double/double_v1_rom_shim_rp2040.S.obj
                0x10001798                double_table_shim_on_use_helper
 .text.missing_float_func_shim
                0x100017c4        0xc CMakeFiles/ledmatrix.dir/root/pico-sdk/src/rp2_common/pico_float/float_init_rom_rp2040.c.obj
 .text.__aeabi_float_init
                0x100017d0       0x5c CMakeFiles/ledmatrix.dir/root/pico-sdk/src/rp2_common/pico_float/float_init_rom_rp2040.c.obj
                0x100017d0                __aeabi_float_init
 .text          0x1000182c       0x10 CMakeFiles/ledmatrix.dir/root/pico-sdk/src/rp2_common/pico_mem_ops/mem_ops_aeabi.S.obj
                0x1000182c                __aeabi_mem_init
 .text.memcpy   0x1000183c        0xc CMakeFiles/ledmatrix.dir/root/pico-sdk/src/rp2_common/pico_mem_ops/mem_ops_aeabi.S.obj
                0x1000183c                __wrap___aeabi_memcpy
                0x1000183c                __wrap_memcpy
 .text._out_char
                0x10001848       0x10 CMakeFiles/ledmatrix.dir/root/pico-sdk/src/rp2_common/pico_printf/printf.c.obj
 .text.weak_raw_vprintf
                0x10001858       0x30 CMakeFiles/ledmatrix.dir/root/pico-sdk/src/rp2_common/pico_printf/printf.c.obj
                0x10001858                weak_raw_vprintf
 .text._exit    0x10001888        0x4 CMakeFiles/ledmatrix.dir/root/pico-sdk/src/rp2_common/pico_clib_interface/newlib_interface.c.obj
                0x10001888                _exit
 .text.exit     0x1000188c        0x8 CMakeFiles/ledmatrix.dir/root/pico-sdk/src/rp2_common/pico_clib_interface/newlib_interface.c.obj
                0x1000188c                exit
 .text.runtime_init
                0x10001894       0x2c CMakeFiles/ledmatrix.dir/root/pico-sdk/src/rp2_common/pico_clib_interface/newlib_interface.c.obj
                0x10001894                runtime_init
 .text.stdio_out_chars_no_crlf
                0x100018c0       0x10 CMakeFiles/ledmatrix.dir/root/pico-sdk/src/rp2_common/pico_stdio/stdio.c.obj
 .text.stdio_out_chars_crlf
                0x100018d0       0xb0 CMakeFiles/ledmatrix.dir/root/pico-sdk/src/rp2_common/pico_stdio/stdio.c.obj
 .text.stdio_put_string
                0x10001980       0xfc CMakeFiles/ledmatrix.dir/root/pico-sdk/src/rp2_common/pico_stdio/stdio.c.obj
                0x10001980                stdio_put_string
 .text.stdio_set_driver_enabled
                0x10001a7c       0x30 CMakeFiles/ledmatrix.dir/root/pico-sdk/src/rp2_common/pico_stdio/stdio.c.obj
                0x10001a7c                stdio_set_driver_enabled
 .text.stdio_init_all
                0x10001aac        0xc CMakeFiles/ledmatrix.dir/root/pico-sdk/src/rp2_common/pico_stdio/stdio.c.obj
                0x10001aac                stdio_init_all
 .text.__wrap_putchar
                0x10001ab8       0x94 CMakeFiles/ledmatrix.dir/root/pico-sdk/src/rp2_common/pico_stdio/stdio.c.obj
                0x10001ab8                stdio_putchar
                0x10001ab8                __wrap_putchar
 .text.__wrap_puts
                0x10001b4c       0x3c CMakeFiles/ledmatrix.dir/root/pico-sdk/src/rp2_common/pico_stdio/stdio.c.obj
                0x10001b4c                __wrap_puts
                0x10001b4c                stdio_puts
 .text.stdio_uart_out_chars
                0x10001b88       0x4c CMakeFiles/ledmatrix.dir/root/pico-sdk/src/rp2_common/pico_stdio_uart/stdio_uart.c.obj
 .text.stdio_uart_in_chars
                0x10001bd4       0x90 CMakeFiles/ledmatrix.dir/root/pico-sdk/src/rp2_common/pico_stdio_uart/stdio_uart.c.obj
                0x10001bd4                stdio_uart_in_chars
 .text.on_uart_rx
                0x10001c64       0x28 CMakeFiles/ledmatrix.dir/root/pico-sdk/src/rp2_common/pico_stdio_uart/stdio_uart.c.obj
 .text.stdio_uart_out_flush
                0x10001c8c       0x10 CMakeFiles/ledmatrix.dir/root/pico-sdk/src/rp2_common/pico_stdio_uart/stdio_uart.c.obj
 .text.stdio_uart_set_chars_available_callback
                0x10001c9c       0x8c CMakeFiles/ledmatrix.dir/root/pico-sdk/src/rp2_common/pico_stdio_uart/stdio_uart.c.obj
 .text.stdio_uart_init
                0x10001d28       0x50 CMakeFiles/ledmatrix.dir/root/pico-sdk/src/rp2_common/pico_stdio_uart/stdio_uart.c.obj
                0x10001d28                stdio_uart_init
 .text.pio_add_program
                0x10001d78       0xf8 CMakeFiles/ledmatrix.dir/root/pico-sdk/src/rp2_common/hardware_pio/pio.c.obj
                0x10001d78                pio_add_program
 .text.pio_sm_set_consecutive_pindirs
                0x10001e70       0xb4 CMakeFiles/ledmatrix.dir/root/pico-sdk/src/rp2_common/hardware_pio/pio.c.obj
                0x10001e70                pio_sm_set_consecutive_pindirs
 .text.pio_sm_init
                0x10001f24       0x98 CMakeFiles/ledmatrix.dir/root/pico-sdk/src/rp2_common/hardware_pio/pio.c.obj
                0x10001f24                pio_sm_init
 .text.atexit   0x10001fbc       0x10 /usr/lib/gcc/arm-none-eabi/14.1.0/../../../../arm-none-eabi/lib/thumb/v6-m/nofp/libg.a(libc_a-atexit.o)
                0x10001fbc                atexit
 .text.__libc_fini_array
                0x10001fcc       0x28 /usr/lib/gcc/arm-none-eabi/14.1.0/../../../../arm-none-eabi/lib/thumb/v6-m/nofp/libg.a(libc_a-fini.o)
                0x10001fcc                __libc_fini_array
 .text.__retarget_lock_acquire_recursive
                0x10001ff4        0x4 /usr/lib/gcc/arm-none-eabi/14.1.0/../../../../arm-none-eabi/lib/thumb/v6-m/nofp/libg.a(libc_a-lock.o)
                0x10001ff4                __retarget_lock_acquire_recursive
 .text.__retarget_lock_release_recursive
                0x10001ff8        0x4 /usr/lib/gcc/arm-none-eabi/14.1.0/../../../../arm-none-eabi/lib/thumb/v6-m/nofp/libg.a(libc_a-lock.o)
                0x10001ff8                __retarget_lock_release_recursive
 .text.strlen   0x10001ffc       0x5c /usr/lib/gcc/arm-none-eabi/14.1.0/../../../../arm-none-eabi/lib/thumb/v6-m/nofp/libg.a(libc_a-strlen-stub.o)
                0x10001ffc                strlen
 .text.__register_exitproc
                0x10002058       0xa8 /usr/lib/gcc/arm-none-eabi/14.1.0/../../../../arm-none-eabi/lib/thumb/v6-m/nofp/libg.a(libc_a-__atexit.o)
                0x10002058                __register_exitproc
 .text.startup.register_fini
                0x10002100       0x18 /usr/lib/gcc/arm-none-eabi/14.1.0/../../../../arm-none-eabi/lib/thumb/v6-m/nofp/libg.a(libc_a-__call_atexit.o)
 *(.fini)
 .fini          0x10002118        0x4 /usr/lib/gcc/arm-none-eabi/14.1.0/thumb/v6-m/nofp/crti.o
                0x10002118                _fini
 *fill*         0x1000211c        0x4 
 .fini.__stub   0x10002120       0x30 linker stubs
 *crtbegin.o(.ctors)
 *crtbegin?.o(.ctors)
 *(EXCLUDE_FILE(*crtend.o *crtend?.o) .ctors)
 *(SORT_BY_NAME(.ctors.*))
 *(.ctors)
 *crtbegin.o(.dtors)
 *crtbegin?.o(.dtors)
 *(EXCLUDE_FILE(*crtend.o *crtend?.o) .dtors)
 *(SORT_BY_NAME(.dtors.*))
 *(.dtors)
                0x10002150                        . = ALIGN (0x4)
                0x10002150                        PROVIDE (__preinit_array_start = .)
 *(SORT_BY_NAME(.preinit_array.*))
 .preinit_array.00100
                0x10002150        0x4 CMakeFiles/ledmatrix.dir/root/pico-sdk/src/rp2_common/pico_runtime_init/runtime_init.c.obj
                0x10002150                __pre_init_runtime_init_early_resets
 .preinit_array.00101
                0x10002154        0x4 CMakeFiles/ledmatrix.dir/root/pico-sdk/src/rp2_common/pico_runtime_init/runtime_init.c.obj
                0x10002154                __pre_init_runtime_init_usb_power_down
 .preinit_array.00275
                0x10002158        0x4 CMakeFiles/ledmatrix.dir/root/pico-sdk/src/rp2_common/pico_bit_ops/bit_ops_aeabi.S.obj
 .preinit_array.00300
                0x1000215c        0x4 CMakeFiles/ledmatrix.dir/root/pico-sdk/src/rp2_common/pico_mem_ops/mem_ops_aeabi.S.obj
 .preinit_array.00350
                0x10002160        0x4 CMakeFiles/ledmatrix.dir/root/pico-sdk/src/rp2_common/pico_double/double_aeabi_rp2040.S.obj
 .preinit_array.00350
                0x10002164        0x4 CMakeFiles/ledmatrix.dir/root/pico-sdk/src/rp2_common/pico_float/float_aeabi_rp2040.S.obj
 .preinit_array.00500
                0x10002168        0x4 CMakeFiles/ledmatrix.dir/root/pico-sdk/src/rp2_common/pico_runtime_init/runtime_init.c.obj
                0x10002168                __pre_init_runtime_init_clocks
 .preinit_array.00600
                0x1000216c        0x4 CMakeFiles/ledmatrix.dir/root/pico-sdk/src/rp2_common/pico_runtime_init/runtime_init.c.obj
                0x1000216c                __pre_init_runtime_init_post_clock_resets
 .preinit_array.00700
                0x10002170        0x4 CMakeFiles/ledmatrix.dir/root/pico-sdk/src/rp2_common/pico_runtime_init/runtime_init.c.obj
                0x10002170                __pre_init_runtime_init_rp2040_gpio_ie_disable
 .preinit_array.01000
                0x10002174        0x4 CMakeFiles/ledmatrix.dir/root/pico-sdk/src/rp2_common/pico_runtime_init/runtime_init.c.obj
                0x10002174                __pre_init_runtime_init_spin_locks_reset
 .preinit_array.01100
                0x10002178        0x4 CMakeFiles/ledmatrix.dir/root/pico-sdk/src/common/pico_sync/mutex.c.obj
                0x10002178                __pre_init_runtime_init_mutex
 .preinit_array.10080
                0x1000217c        0x4 CMakeFiles/ledmatrix.dir/root/pico-sdk/src/rp2_common/pico_runtime_init/runtime_init.c.obj
                0x1000217c                __pre_init_runtime_init_install_ram_vector_table
 .preinit_array.11000
                0x10002180        0x4 CMakeFiles/ledmatrix.dir/root/pico-sdk/src/common/pico_time/time.c.obj
                0x10002180                __pre_init_runtime_init_default_alarm_pool
 .preinit_array.YYYYY
                0x10002184        0x4 CMakeFiles/ledmatrix.dir/root/pico-sdk/src/rp2_common/pico_runtime/runtime.c.obj
                0x10002184                __pre_init_first_per_core_initializer
 .preinit_array.ZZZZZ.01200
                0x10002188        0x4 CMakeFiles/ledmatrix.dir/root/pico-sdk/src/rp2_common/hardware_irq/irq.c.obj
                0x10002188                __pre_init_runtime_init_per_core_irq_priorities
 *(.preinit_array)
                0x1000218c                        PROVIDE (__preinit_array_end = .)
                0x1000218c                        . = ALIGN (0x4)
                0x1000218c                        PROVIDE (__init_array_start = .)
 *(SORT_BY_NAME(.init_array.*))
 .init_array.00000
                0x1000218c        0x4 /usr/lib/gcc/arm-none-eabi/14.1.0/../../../../arm-none-eabi/lib/thumb/v6-m/nofp/libg.a(libc_a-__call_atexit.o)
 *(.init_array)
 .init_array    0x10002190        0x4 /usr/lib/gcc/arm-none-eabi/14.1.0/thumb/v6-m/nofp/crtbegin.o
                0x10002194                        PROVIDE (__init_array_end = .)
                0x10002194                        . = ALIGN (0x4)
                0x10002194                        PROVIDE (__fini_array_start = .)
 *(SORT_BY_NAME(.fini_array.*))
 *(.fini_array)
                0x10002194                        PROVIDE (__fini_array_end = .)
 *(.eh_frame*)
 .eh_frame      0x10002194        0x0 /usr/lib/gcc/arm-none-eabi/14.1.0/thumb/v6-m/nofp/crtbegin.o
                0x10002194                        . = ALIGN (0x4)

.glue_7         0x10002194        0x0
 .glue_7        0x10002194        0x0 linker stubs

.glue_7t        0x10002194        0x0
 .glue_7t       0x10002194        0x0 linker stubs

.vfp11_veneer   0x10002194        0x0
 .vfp11_veneer  0x10002194        0x0 linker stubs

.v4_bx          0x10002194        0x0
 .v4_bx         0x10002194        0x0 linker stubs

.iplt           0x10002194        0x0
 .iplt          0x10002194        0x0 /usr/lib/gcc/arm-none-eabi/14.1.0/thumb/v6-m/nofp/crtbegin.o

.rodata         0x10002194      0x15c
 *(EXCLUDE_FILE(*libm.a: *libc.a:*lib_a-mem*.o *libgcc.a:) .rodata*)
 .rodata.hub75_data_rgb888_program
                0x10002194        0x8 CMakeFiles/ledmatrix.dir/src/hub75.c.obj
 .rodata.hub75_data_rgb888_program_instructions
                0x1000219c       0x20 CMakeFiles/ledmatrix.dir/src/hub75.c.obj
 .rodata.hub75_row_program
                0x100021bc        0x8 CMakeFiles/ledmatrix.dir/src/hub75.c.obj
 .rodata.hub75_row_program_instructions
                0x100021c4        0x6 CMakeFiles/ledmatrix.dir/src/hub75.c.obj
 *fill*         0x100021ca        0x2 
 .rodata.panic.str1.4
                0x100021cc       0xbc CMakeFiles/ledmatrix.dir/root/pico-sdk/src/rp2_common/pico_platform_panic/panic.c.obj
                                 0x12 (size before relaxing)
 .rodata.timer_hardware_alarm_claim.str1.4
                0x10002288       0x22 CMakeFiles/ledmatrix.dir/root/pico-sdk/src/rp2_common/hardware_timer/timer.c.obj
 .rodata.hard_assertion_failure.str1.4
                0x10002288        0xc CMakeFiles/ledmatrix.dir/root/pico-sdk/src/rp2_common/pico_runtime/runtime.c.obj
 .rodata.missing_double_func_shim.str1.4
                0x10002288       0x18 CMakeFiles/ledmatrix.dir/root/pico-sdk/src/rp2_common/pico_double/double_init_rom_rp2040.c.obj
 .rodata.missing_float_func_shim.str1.4
                0x10002288        0x1 CMakeFiles/ledmatrix.dir/root/pico-sdk/src/rp2_common/pico_float/float_init_rom_rp2040.c.obj
 .rodata.str1.4
                0x10002288       0x30 CMakeFiles/ledmatrix.dir/root/pico-sdk/src/rp2_common/pico_standard_binary_info/standard_binary_info.c.obj
 .rodata.__bi_84
                0x10002288        0xc CMakeFiles/ledmatrix.dir/root/pico-sdk/src/rp2_common/pico_standard_binary_info/standard_binary_info.c.obj
 .rodata.__bi_54
                0x10002294        0xc CMakeFiles/ledmatrix.dir/root/pico-sdk/src/rp2_common/pico_standard_binary_info/standard_binary_info.c.obj
 .rodata.__bi_48
                0x100022a0        0xc CMakeFiles/ledmatrix.dir/root/pico-sdk/src/rp2_common/pico_standard_binary_info/standard_binary_info.c.obj
 .rodata.__bi_42
                0x100022ac        0xc CMakeFiles/ledmatrix.dir/root/pico-sdk/src/rp2_common/pico_standard_binary_info/standard_binary_info.c.obj
 .rodata.__bi_34
                0x100022b8        0xc CMakeFiles/ledmatrix.dir/root/pico-sdk/src/rp2_common/pico_standard_binary_info/standard_binary_info.c.obj
 .rodata.__bi_26
                0x100022c4        0xc CMakeFiles/ledmatrix.dir/root/pico-sdk/src/rp2_common/pico_standard_binary_info/standard_binary_info.c.obj
 .rodata.crlf_str.0
                0x100022d0        0x2 CMakeFiles/ledmatrix.dir/root/pico-sdk/src/rp2_common/pico_stdio/stdio.c.obj
 .rodata.str1.4
                0x100022d2       0x2c CMakeFiles/ledmatrix.dir/root/pico-sdk/src/rp2_common/pico_stdio_uart/stdio_uart.c.obj
 *fill*         0x100022d2        0x2 
 .rodata.__bi_45.4
                0x100022d4        0xc CMakeFiles/ledmatrix.dir/root/pico-sdk/src/rp2_common/pico_stdio_uart/stdio_uart.c.obj
 .rodata.__bi_49.5
                0x100022e0        0x8 CMakeFiles/ledmatrix.dir/root/pico-sdk/src/rp2_common/pico_stdio_uart/stdio_uart.c.obj
 .rodata.__bi_50.6
                0x100022e8        0x8 CMakeFiles/ledmatrix.dir/root/pico-sdk/src/rp2_common/pico_stdio_uart/stdio_uart.c.obj
                0x100022f0                        . = ALIGN (0x4)
 *(SORT_BY_ALIGNMENT(SORT_BY_NAME(.flashdata*)))
                0x100022f0                        . = ALIGN (0x4)

.ARM.extab
 *(.ARM.extab* .gnu.linkonce.armextab.*)
                0x100022f0                        __exidx_start = .

.ARM.exidx
 *(.ARM.exidx* .gnu.linkonce.armexidx.*)
                0x100022f0                        __exidx_end = .
                0x100022f0                        . = ALIGN (0x4)
                0x100022f0                        __binary_info_start = .

.binary_info    0x100022f0       0x24
 *(.binary_info.keep.*)
 .binary_info.keep.__bi_ptr84
                0x100022f0        0x4 CMakeFiles/ledmatrix.dir/root/pico-sdk/src/rp2_common/pico_standard_binary_info/standard_binary_info.c.obj
 .binary_info.keep.__bi_ptr54
                0x100022f4        0x4 CMakeFiles/ledmatrix.dir/root/pico-sdk/src/rp2_common/pico_standard_binary_info/standard_binary_info.c.obj
 .binary_info.keep.__bi_ptr48
                0x100022f8        0x4 CMakeFiles/ledmatrix.dir/root/pico-sdk/src/rp2_common/pico_standard_binary_info/standard_binary_info.c.obj
 .binary_info.keep.__bi_ptr42
                0x100022fc        0x4 CMakeFiles/ledmatrix.dir/root/pico-sdk/src/rp2_common/pico_standard_binary_info/standard_binary_info.c.obj
 .binary_info.keep.__bi_ptr34
                0x10002300        0x4 CMakeFiles/ledmatrix.dir/root/pico-sdk/src/rp2_common/pico_standard_binary_info/standard_binary_info.c.obj
 .binary_info.keep.__bi_ptr26
                0x10002304        0x4 CMakeFiles/ledmatrix.dir/root/pico-sdk/src/rp2_common/pico_standard_binary_info/standard_binary_info.c.obj
 *(.binary_info.*)
 .binary_info.__bi_ptr50
                0x10002308        0x4 CMakeFiles/ledmatrix.dir/root/pico-sdk/src/rp2_common/pico_stdio_uart/stdio_uart.c.obj
 .binary_info.__bi_ptr49
                0x1000230c        0x4 CMakeFiles/ledmatrix.dir/root/pico-sdk/src/rp2_common/pico_stdio_uart/stdio_uart.c.obj
 .binary_info.__bi_ptr45
                0x10002310        0x4 CMakeFiles/ledmatrix.dir/root/pico-sdk/src/rp2_common/pico_stdio_uart/stdio_uart.c.obj
                0x10002314                        __binary_info_end = .

.rel.dyn        0x10002314        0x0
 .rel.iplt      0x10002314        0x0 /usr/lib/gcc/arm-none-eabi/14.1.0/thumb/v6-m/nofp/crtbegin.o
                0x10002314                        . = ALIGN (0x4)

.ram_vector_table
                0x20000000       0xc0
 *(.ram_vector_table)
 .ram_vector_table
                0x20000000       0xc0 CMakeFiles/ledmatrix.dir/root/pico-sdk/src/rp2_common/pico_runtime_init/runtime_init.c.obj
                0x20000000                ram_vector_table

.uninitialized_data
                0x200000c0        0x0
                0x200000c0                        . = ALIGN (0x4)
 *(.uninitialized_data*)

.data           0x200000c0     0x4184 load address 0x10002314
                0x200000c0                        __data_start__ = .
 *(vtable)
 *(.time_critical*)
 .time_critical.mutex_try_enter_block_until
                0x200000c0       0x98 CMakeFiles/ledmatrix.dir/root/pico-sdk/src/common/pico_sync/mutex.c.obj
                0x200000c0                mutex_try_enter_block_until
 .time_critical.mutex_exit
                0x20000158       0x28 CMakeFiles/ledmatrix.dir/root/pico-sdk/src/common/pico_sync/mutex.c.obj
                0x20000158                mutex_exit
 *(.text*)
 .text          0x20000180        0x4 /usr/lib/gcc/arm-none-eabi/14.1.0/thumb/v6-m/nofp/libgcc.a(_dvmd_tls.o)
                0x20000180                __aeabi_ldiv0
                0x20000180                __aeabi_idiv0
 *fill*         0x20000184        0x4 
 .text.__stub   0x20000188       0x10 linker stubs
                0x20000198                        . = ALIGN (0x4)
 *(.rodata*)
                0x20000198                        . = ALIGN (0x4)
 *(.data*)
 *fill*         0x20000198        0x0 
 .data.image_rgb888
                0x20000198     0x4000 CMakeFiles/ledmatrix.dir/src/hub75.c.obj
                0x20000198                image_rgb888
 .data.striped_spin_lock_num
                0x20004198        0x1 CMakeFiles/ledmatrix.dir/root/pico-sdk/src/rp2_common/hardware_sync/sync.c.obj
 *fill*         0x20004199        0x3 
 .data          0x2000419c       0x48 CMakeFiles/ledmatrix.dir/root/pico-sdk/src/rp2_common/hardware_irq/irq_handler_chain.S.obj
                0x2000419c                irq_handler_chain_slots
                0x200041cc                irq_handler_chain_first_slot
                0x200041d6                irq_handler_chain_remove_tail
 .data.default_alarm_pool
                0x200041e4       0x18 CMakeFiles/ledmatrix.dir/root/pico-sdk/src/common/pico_time/time.c.obj
 *fill*         0x200041fc        0x4 
 .data.aeabi_bits_funcs
                0x20004200       0x10 CMakeFiles/ledmatrix.dir/root/pico-sdk/src/rp2_common/pico_bit_ops/bit_ops_aeabi.S.obj
                0x20004200                aeabi_bits_funcs
                0x20004210                aeabi_bits_funcs_end
 .data.aeabi_mem_funcs
                0x20004210       0x10 CMakeFiles/ledmatrix.dir/root/pico-sdk/src/rp2_common/pico_mem_ops/mem_ops_aeabi.S.obj
                0x20004210                aeabi_mem_funcs
                0x20004220                aeabi_mem_funcs_end
 .data.stdio_uart
                0x20004220       0x18 CMakeFiles/ledmatrix.dir/root/pico-sdk/src/rp2_common/pico_stdio_uart/stdio_uart.c.obj
                0x20004220                stdio_uart
 .data.__atexit_recursive_mutex
                0x20004238        0x4 /usr/lib/gcc/arm-none-eabi/14.1.0/../../../../arm-none-eabi/lib/thumb/v6-m/nofp/libg.a(libc_a-__call_atexit.o)
                0x20004238                __atexit_recursive_mutex
                0x2000423c                        . = ALIGN (0x4)
 *(.after_data.*)
                0x2000423c                        . = ALIGN (0x4)
                0x2000423c                        PROVIDE (__mutex_array_start = .)
 *(SORT_BY_NAME(.mutex_array.*))
 *(.mutex_array)
 .mutex_array   0x2000423c        0x8 CMakeFiles/ledmatrix.dir/root/pico-sdk/src/rp2_common/pico_stdio/stdio.c.obj
                0x20004244                        PROVIDE (__mutex_array_end = .)
                0x20004244                        . = ALIGN (0x4)
 *(.jcr)
                0x20004244                        . = ALIGN (0x4)

.tm_clone_table
                0x20004244        0x0 load address 0x10006498
 .tm_clone_table
                0x20004244        0x0 /usr/lib/gcc/arm-none-eabi/14.1.0/thumb/v6-m/nofp/crtbegin.o
 .tm_clone_table
                0x20004244        0x0 /usr/lib/gcc/arm-none-eabi/14.1.0/thumb/v6-m/nofp/crtend.o

.igot.plt       0x20004244        0x0 load address 0x10006498
 .igot.plt      0x20004244        0x0 /usr/lib/gcc/arm-none-eabi/14.1.0/thumb/v6-m/nofp/crtbegin.o

.tdata          0x20004244        0x0 load address 0x10006498
                0x20004244                        . = ALIGN (0x4)
 *(.tdata .tdata.* .gnu.linkonce.td.*)
                0x20004244                        __tdata_end = .
                0x20004244                        PROVIDE (__data_end__ = .)
                0x10002314                        __etext = LOADADDR (.data)

.tbss           0x20004244        0x0 load address 0x10006498
                0x20004244                        . = ALIGN (0x4)
                0x20004244                        __bss_start__ = .
                0x20004244                        __tls_base = .
 *(.tbss .tbss.* .gnu.linkonce.tb.*)
 *(.tcommon)
                0x20004244                        __tls_end = .

.bss            0x20004248     0x45a0 load address 0x10006498
                0x20004248                        . = ALIGN (0x4)
                0x20004248                        __tbss_end = .
 *(SORT_BY_ALIGNMENT(SORT_BY_NAME(.bss*)))
 .bss.default_alarm_pool_entries
                0x20004248      0x180 CMakeFiles/ledmatrix.dir/root/pico-sdk/src/common/pico_time/time.c.obj
 .bss.sd_table  0x200043c8      0x100 CMakeFiles/ledmatrix.dir/root/pico-sdk/src/rp2_common/pico_double/double_init_rom_rp2040.c.obj
                0x200043c8                sd_table
 .bss           0x200044c8       0x1c /usr/lib/gcc/arm-none-eabi/14.1.0/thumb/v6-m/nofp/crtbegin.o
 .bss.__atexit  0x200044e4        0x4 /usr/lib/gcc/arm-none-eabi/14.1.0/../../../../arm-none-eabi/lib/thumb/v6-m/nofp/libg.a(libc_a-__call_atexit.o)
                0x200044e4                __atexit
 .bss.__atexit0
                0x200044e8      0x190 /usr/lib/gcc/arm-none-eabi/14.1.0/../../../../arm-none-eabi/lib/thumb/v6-m/nofp/libg.a(libc_a-__atexit.o)
                0x200044e8                __atexit0
 .bss.__lock___atexit_recursive_mutex
                0x20004678        0x1 /usr/lib/gcc/arm-none-eabi/14.1.0/../../../../arm-none-eabi/lib/thumb/v6-m/nofp/libg.a(libc_a-lock.o)
                0x20004678                __lock___atexit_recursive_mutex
 *fill*         0x20004679        0x3 
 .bss._used_instruction_space
                0x2000467c        0x8 CMakeFiles/ledmatrix.dir/root/pico-sdk/src/rp2_common/hardware_pio/pio.c.obj
 .bss.chars_available_callback
                0x20004684        0x4 CMakeFiles/ledmatrix.dir/root/pico-sdk/src/rp2_common/pico_stdio_uart/stdio_uart.c.obj
 .bss.chars_available_param
                0x20004688        0x4 CMakeFiles/ledmatrix.dir/root/pico-sdk/src/rp2_common/pico_stdio_uart/stdio_uart.c.obj
 .bss.claimed   0x2000468c        0x1 CMakeFiles/ledmatrix.dir/root/pico-sdk/src/rp2_common/hardware_timer/timer.c.obj
 *fill*         0x2000468d        0x3 
 .bss.configured_freq
                0x20004690       0x28 CMakeFiles/ledmatrix.dir/root/pico-sdk/src/rp2_common/hardware_clocks/clocks.c.obj
 .bss.drivers   0x200046b8        0x4 CMakeFiles/ledmatrix.dir/root/pico-sdk/src/rp2_common/pico_stdio/stdio.c.obj
 .bss.filter    0x200046bc        0x4 CMakeFiles/ledmatrix.dir/root/pico-sdk/src/rp2_common/pico_stdio/stdio.c.obj
 .bss.framebuffer
                0x200046c0     0x4000 CMakeFiles/ledmatrix.dir/src/hub75.c.obj
                0x200046c0                framebuffer
 .bss.lazy_vsnprintf
                0x200086c0        0x4 CMakeFiles/ledmatrix.dir/root/pico-sdk/src/rp2_common/pico_printf/printf.c.obj
 .bss.pools     0x200086c4       0x10 CMakeFiles/ledmatrix.dir/root/pico-sdk/src/common/pico_time/time.c.obj
 .bss.sf_clz_func
                0x200086d4        0x4 CMakeFiles/ledmatrix.dir/root/pico-sdk/src/rp2_common/pico_double/double_init_rom_rp2040.c.obj
                0x200086d4                sf_clz_func
 .bss.sf_table  0x200086d8      0x100 CMakeFiles/ledmatrix.dir/root/pico-sdk/src/rp2_common/pico_float/float_init_rom_rp2040.c.obj
                0x200086d8                sf_table
 .bss.sleep_notifier
                0x200087d8        0x4 CMakeFiles/ledmatrix.dir/root/pico-sdk/src/common/pico_time/time.c.obj
 .bss.uart_char_to_line_feed
                0x200087dc        0x4 CMakeFiles/ledmatrix.dir/root/pico-sdk/src/rp2_common/hardware_uart/uart.c.obj
                0x200087dc                uart_char_to_line_feed
 .bss.uart_instance
                0x200087e0        0x4 CMakeFiles/ledmatrix.dir/root/pico-sdk/src/rp2_common/pico_stdio_uart/stdio_uart.c.obj
 .bss.irq_handler_chain_free_slot_head
                0x200087e4        0x1 CMakeFiles/ledmatrix.dir/root/pico-sdk/src/rp2_common/hardware_irq/irq.c.obj
 *(COMMON)
                0x200087e8                        . = ALIGN (0x4)
 *fill*         0x200087e5        0x3 
                0x200087e8                        __bss_end__ = .

.heap           0x200087e8    0x37818 load address 0x10006498
                0x200087e8                        __end__ = .
                0x200087e8                        end = __end__
 *(.heap*)
 .heap          0x200087e8      0x800 CMakeFiles/ledmatrix.dir/root/pico-sdk/src/rp2_common/pico_crt0/crt0.S.obj
                0x20040000                        . = (ORIGIN (RAM) + LENGTH (RAM))
 *fill*         0x20008fe8    0x37018 
                0x20040000                        __HeapLimit = .

.scratch_x      0x20040000        0x0 load address 0x10006498
                0x20040000                        __scratch_x_start__ = .
 *(.scratch_x.*)
                0x20040000                        . = ALIGN (0x4)
                0x20040000                        __scratch_x_end__ = .
                0x10006498                        __scratch_x_source__ = LOADADDR (.scratch_x)

.scratch_y      0x20041000        0x0 load address 0x10006498
                0x20041000                        __scratch_y_start__ = .
 *(.scratch_y.*)
                0x20041000                        . = ALIGN (0x4)
                0x20041000                        __scratch_y_end__ = .
                0x10006498                        __scratch_y_source__ = LOADADDR (.scratch_y)

.stack1_dummy
 *(.stack1*)

.stack_dummy    0x20041000      0x800
 *(.stack*)
 .stack         0x20041000      0x800 CMakeFiles/ledmatrix.dir/root/pico-sdk/src/rp2_common/pico_crt0/crt0.S.obj

.flash_end      0x10006498        0x0
 *(.embedded_end_block*)
                0x10006498                        PROVIDE (__flash_binary_end = .)
                0x20040000                        __StackLimit = (ORIGIN (RAM) + LENGTH (RAM))
                0x20041000                        __StackOneTop = (ORIGIN (SCRATCH_X) + LENGTH (SCRATCH_X))
                0x20042000                        __StackTop = (ORIGIN (SCRATCH_Y) + LENGTH (SCRATCH_Y))
                0x20041000                        __StackOneBottom = (__StackOneTop - SIZEOF (.stack1_dummy))
                0x20041800                        __StackBottom = (__StackTop - SIZEOF (.stack_dummy))
                0x20042000                        PROVIDE (__stack = __StackTop)
                [!provide]                        PROVIDE (__heap_start = __end__)
                [!provide]                        PROVIDE (__heap_end = __HeapLimit)
                [!provide]                        PROVIDE (__tls_align = MAX (ALIGNOF (.tdata), ALIGNOF (.tbss)))
                [!provide]                        PROVIDE (__tls_size_align = (((__tls_size + __tls_align) - 0x1) & ~ ((__tls_align - 0x1))))
                [!provide]                        PROVIDE (__arm32_tls_tcb_offset = MAX (0x8, __tls_align))
                [!provide]                        PROVIDE (_end = __end__)
                [!provide]                        PROVIDE (__llvm_libc_heap_limit = __HeapLimit)
                0x00000001                        ASSERT ((__StackLimit >= __HeapLimit), region RAM overflowed)
                0x00000001                        ASSERT (((__binary_info_header_end - __logical_binary_start) <= 0x100), Binary info must be in first 256 bytes of the binary)
LOAD CMakeFiles/ledmatrix.dir/src/hub75.c.obj
LOAD CMakeFiles/ledmatrix.dir/root/pico-sdk/src/rp2_common/pico_stdlib/stdlib.c.obj
LOAD CMakeFiles/ledmatrix.dir/root/pico-sdk/src/rp2_common/hardware_gpio/gpio.c.obj
LOAD CMakeFiles/ledmatrix.dir/root/pico-sdk/src/rp2040/pico_platform/platform.c.obj
LOAD CMakeFiles/ledmatrix.dir/root/pico-sdk/src/rp2_common/pico_platform_panic/panic.c.obj
LOAD CMakeFiles/ledmatrix.dir/root/pico-sdk/src/common/hardware_claim/claim.c.obj
LOAD CMakeFiles/ledmatrix.dir/root/pico-sdk/src/rp2_common/hardware_sync/sync.c.obj
LOAD CMakeFiles/ledmatrix.dir/root/pico-sdk/src/rp2_common/hardware_sync_spin_lock/sync_spin_lock.c.obj
LOAD CMakeFiles/ledmatrix.dir/root/pico-sdk/src/rp2_common/hardware_irq/irq.c.obj
LOAD CMakeFiles/ledmatrix.dir/root/pico-sdk/src/rp2_common/hardware_irq/irq_handler_chain.S.obj
LOAD CMakeFiles/ledmatrix.dir/root/pico-sdk/src/common/pico_sync/sem.c.obj
LOAD CMakeFiles/ledmatrix.dir/root/pico-sdk/src/common/pico_sync/lock_core.c.obj
LOAD CMakeFiles/ledmatrix.dir/root/pico-sdk/src/common/pico_sync/mutex.c.obj
LOAD CMakeFiles/ledmatrix.dir/root/pico-sdk/src/common/pico_sync/critical_section.c.obj
LOAD CMakeFiles/ledmatrix.dir/root/pico-sdk/src/common/pico_time/time.c.obj
LOAD CMakeFiles/ledmatrix.dir/root/pico-sdk/src/common/pico_time/timeout_helper.c.obj
LOAD CMakeFiles/ledmatrix.dir/root/pico-sdk/src/rp2_common/hardware_timer/timer.c.obj
LOAD CMakeFiles/ledmatrix.dir/root/pico-sdk/src/common/pico_util/datetime.c.obj
LOAD CMakeFiles/ledmatrix.dir/root/pico-sdk/src/common/pico_util/pheap.c.obj
LOAD CMakeFiles/ledmatrix.dir/root/pico-sdk/src/common/pico_util/queue.c.obj
LOAD CMakeFiles/ledmatrix.dir/root/pico-sdk/src/rp2_common/hardware_uart/uart.c.obj
LOAD CMakeFiles/ledmatrix.dir/root/pico-sdk/src/rp2_common/hardware_clocks/clocks.c.obj
LOAD CMakeFiles/ledmatrix.dir/root/pico-sdk/src/rp2_common/hardware_pll/pll.c.obj
LOAD CMakeFiles/ledmatrix.dir/root/pico-sdk/src/rp2_common/hardware_vreg/vreg.c.obj
LOAD CMakeFiles/ledmatrix.dir/root/pico-sdk/src/rp2_common/hardware_watchdog/watchdog.c.obj
LOAD CMakeFiles/ledmatrix.dir/root/pico-sdk/src/rp2_common/hardware_ticks/ticks.c.obj
LOAD CMakeFiles/ledmatrix.dir/root/pico-sdk/src/rp2_common/hardware_xosc/xosc.c.obj
LOAD CMakeFiles/ledmatrix.dir/root/pico-sdk/src/rp2_common/hardware_divider/divider.S.obj
LOAD CMakeFiles/ledmatrix.dir/root/pico-sdk/src/rp2_common/pico_runtime/runtime.c.obj
LOAD CMakeFiles/ledmatrix.dir/root/pico-sdk/src/rp2_common/pico_runtime_init/runtime_init.c.obj
LOAD CMakeFiles/ledmatrix.dir/root/pico-sdk/src/rp2_common/pico_runtime_init/runtime_init_clocks.c.obj
LOAD CMakeFiles/ledmatrix.dir/root/pico-sdk/src/rp2_common/pico_runtime_init/runtime_init_stack_guard.c.obj
LOAD CMakeFiles/ledmatrix.dir/root/pico-sdk/src/rp2_common/pico_bit_ops/bit_ops_aeabi.S.obj
LOAD CMakeFiles/ledmatrix.dir/root/pico-sdk/src/rp2_common/pico_bootrom/bootrom.c.obj
LOAD CMakeFiles/ledmatrix.dir/root/pico-sdk/src/rp2_common/pico_bootrom/bootrom_lock.c.obj
LOAD CMakeFiles/ledmatrix.dir/root/pico-sdk/src/rp2_common/hardware_boot_lock/boot_lock.c.obj
LOAD CMakeFiles/ledmatrix.dir/root/pico-sdk/src/rp2_common/pico_divider/divider_hardware.S.obj
LOAD CMakeFiles/ledmatrix.dir/root/pico-sdk/src/rp2_common/pico_double/double_aeabi_rp2040.S.obj
LOAD CMakeFiles/ledmatrix.dir/root/pico-sdk/src/rp2_common/pico_double/double_init_rom_rp2040.c.obj
LOAD CMakeFiles/ledmatrix.dir/root/pico-sdk/src/rp2_common/pico_double/double_math.c.obj
LOAD CMakeFiles/ledmatrix.dir/root/pico-sdk/src/rp2_common/pico_double/double_v1_rom_shim_rp2040.S.obj
LOAD CMakeFiles/ledmatrix.dir/root/pico-sdk/src/rp2_common/pico_int64_ops/pico_int64_ops_aeabi.S.obj
LOAD CMakeFiles/ledmatrix.dir/root/pico-sdk/src/rp2_common/pico_float/float_aeabi_rp2040.S.obj
LOAD CMakeFiles/ledmatrix.dir/root/pico-sdk/src/rp2_common/pico_float/float_init_rom_rp2040.c.obj
LOAD CMakeFiles/ledmatrix.dir/root/pico-sdk/src/rp2_common/pico_float/float_math.c.obj
LOAD CMakeFiles/ledmatrix.dir/root/pico-sdk/src/rp2_common/pico_float/float_v1_rom_shim_rp2040.S.obj
LOAD CMakeFiles/ledmatrix.dir/root/pico-sdk/src/rp2_common/pico_malloc/malloc.c.obj
LOAD CMakeFiles/ledmatrix.dir/root/pico-sdk/src/rp2_common/pico_mem_ops/mem_ops_aeabi.S.obj
LOAD CMakeFiles/ledmatrix.dir/root/pico-sdk/src/rp2_common/pico_atomic/atomic.c.obj
LOAD CMakeFiles/ledmatrix.dir/root/pico-sdk/src/rp2_common/pico_cxx_options/new_delete.cpp.obj
LOAD CMakeFiles/ledmatrix.dir/root/pico-sdk/src/rp2_common/pico_standard_binary_info/standard_binary_info.c.obj
LOAD CMakeFiles/ledmatrix.dir/root/pico-sdk/src/rp2_common/pico_printf/printf.c.obj
LOAD CMakeFiles/ledmatrix.dir/root/pico-sdk/src/rp2_common/pico_crt0/crt0.S.obj
LOAD CMakeFiles/ledmatrix.dir/root/pico-sdk/src/rp2_common/pico_clib_interface/newlib_interface.c.obj
LOAD CMakeFiles/ledmatrix.dir/root/pico-sdk/src/rp2_common/pico_stdio/stdio.c.obj
LOAD CMakeFiles/ledmatrix.dir/root/pico-sdk/src/rp2_common/pico_stdio_uart/stdio_uart.c.obj
LOAD CMakeFiles/ledmatrix.dir/root/pico-sdk/src/rp2_common/hardware_pio/pio.c.obj
LOAD /tmp/ccAJLdZC.o
LOAD /usr/lib/gcc/arm-none-eabi/14.1.0/../../../../arm-none-eabi/lib/thumb/v6-m/nofp/libstdc++.a
LOAD /usr/lib/gcc/arm-none-eabi/14.1.0/../../../../arm-none-eabi/lib/thumb/v6-m/nofp/libm.a
START GROUP
LOAD /usr/lib/gcc/arm-none-eabi/14.1.0/thumb/v6-m/nofp/libgcc.a
LOAD /usr/lib/gcc/arm-none-eabi/14.1.0/../../../../arm-none-eabi/lib/thumb/v6-m/nofp/libg.a
LOAD /usr/lib/gcc/arm-none-eabi/14.1.0/../../../../arm-none-eabi/lib/thumb/v6-m/nofp/libc.a
END GROUP
START GROUP
LOAD /usr/lib/gcc/arm-none-eabi/14.1.0/thumb/v6-m/nofp/libgcc.a
LOAD /usr/lib/gcc/arm-none-eabi/14.1.0/../../../../arm-none-eabi/lib/thumb/v6-m/nofp/libc.a
LOAD /usr/lib/gcc/arm-none-eabi/14.1.0/../../../../arm-none-eabi/lib/thumb/v6-m/nofp/libnosys.a
END GROUP
LOAD /usr/lib/gcc/arm-none-eabi/14.1.0/thumb/v6-m/nofp/crtend.o
LOAD /usr/lib/gcc/arm-none-eabi/14.1.0/thumb/v6-m/nofp/crtn.o
OUTPUT(ledmatrix.elf elf32-littlearm)
LOAD linker stubs

.ARM.attributes
                0x00000000       0x28
 .ARM.attributes
                0x00000000       0x1e /usr/lib/gcc/arm-none-eabi/14.1.0/thumb/v6-m/nofp/crti.o
 .ARM.attributes
                0x0000001e       0x2c /usr/lib/gcc/arm-none-eabi/14.1.0/thumb/v6-m/nofp/crtbegin.o
 .ARM.attributes
                0x0000004a       0x2c CMakeFiles/ledmatrix.dir/src/hub75.c.obj
 .ARM.attributes
                0x00000076       0x2c CMakeFiles/ledmatrix.dir/root/pico-sdk/src/rp2_common/hardware_gpio/gpio.c.obj
 .ARM.attributes
                0x000000a2       0x2c CMakeFiles/ledmatrix.dir/root/pico-sdk/src/rp2_common/pico_platform_panic/panic.c.obj
 .ARM.attributes
                0x000000ce       0x2c CMakeFiles/ledmatrix.dir/root/pico-sdk/src/common/hardware_claim/claim.c.obj
 .ARM.attributes
                0x000000fa       0x2c CMakeFiles/ledmatrix.dir/root/pico-sdk/src/rp2_common/hardware_sync/sync.c.obj
 .ARM.attributes
                0x00000126       0x2c CMakeFiles/ledmatrix.dir/root/pico-sdk/src/rp2_common/hardware_sync_spin_lock/sync_spin_lock.c.obj
 .ARM.attributes
                0x00000152       0x2c CMakeFiles/ledmatrix.dir/root/pico-sdk/src/rp2_common/hardware_irq/irq.c.obj
 .ARM.attributes
                0x0000017e       0x22 CMakeFiles/ledmatrix.dir/root/pico-sdk/src/rp2_common/hardware_irq/irq_handler_chain.S.obj
 .ARM.attributes
                0x000001a0       0x2c CMakeFiles/ledmatrix.dir/root/pico-sdk/src/common/pico_sync/lock_core.c.obj
 .ARM.attributes
                0x000001cc       0x2c CMakeFiles/ledmatrix.dir/root/pico-sdk/src/common/pico_sync/mutex.c.obj
 .ARM.attributes
                0x000001f8       0x2c CMakeFiles/ledmatrix.dir/root/pico-sdk/src/common/pico_time/time.c.obj
 .ARM.attributes
                0x00000224       0x2c CMakeFiles/ledmatrix.dir/root/pico-sdk/src/rp2_common/hardware_timer/timer.c.obj
 .ARM.attributes
                0x00000250       0x2c CMakeFiles/ledmatrix.dir/root/pico-sdk/src/rp2_common/hardware_uart/uart.c.obj
 .ARM.attributes
                0x0000027c       0x2c CMakeFiles/ledmatrix.dir/root/pico-sdk/src/rp2_common/hardware_clocks/clocks.c.obj
 .ARM.attributes
                0x000002a8       0x2c CMakeFiles/ledmatrix.dir/root/pico-sdk/src/rp2_common/hardware_pll/pll.c.obj
 .ARM.attributes
                0x000002d4       0x2c CMakeFiles/ledmatrix.dir/root/pico-sdk/src/rp2_common/hardware_ticks/ticks.c.obj
 .ARM.attributes
                0x00000300       0x2c CMakeFiles/ledmatrix.dir/root/pico-sdk/src/rp2_common/hardware_xosc/xosc.c.obj
 .ARM.attributes
                0x0000032c       0x2c CMakeFiles/ledmatrix.dir/root/pico-sdk/src/rp2_common/pico_runtime/runtime.c.obj
 .ARM.attributes
                0x00000358       0x2c CMakeFiles/ledmatrix.dir/root/pico-sdk/src/rp2_common/pico_runtime_init/runtime_init.c.obj
 .ARM.attributes
                0x00000384       0x2c CMakeFiles/ledmatrix.dir/root/pico-sdk/src/rp2_common/pico_runtime_init/runtime_init_clocks.c.obj
 .ARM.attributes
                0x000003b0       0x22 CMakeFiles/ledmatrix.dir/root/pico-sdk/src/rp2_common/pico_bit_ops/bit_ops_aeabi.S.obj
 .ARM.attributes
                0x000003d2       0x2c CMakeFiles/ledmatrix.dir/root/pico-sdk/src/rp2_common/pico_bootrom/bootrom.c.obj
 .ARM.attributes
                0x000003fe       0x22 CMakeFiles/ledmatrix.dir/root/pico-sdk/src/rp2_common/pico_divider/divider_hardware.S.obj
 .ARM.attributes
                0x00000420       0x22 CMakeFiles/ledmatrix.dir/root/pico-sdk/src/rp2_common/pico_double/double_aeabi_rp2040.S.obj
 .ARM.attributes
                0x00000442       0x2c CMakeFiles/ledmatrix.dir/root/pico-sdk/src/rp2_common/pico_double/double_init_rom_rp2040.c.obj
 .ARM.attributes
                0x0000046e       0x22 CMakeFiles/ledmatrix.dir/root/pico-sdk/src/rp2_common/pico_double/double_v1_rom_shim_rp2040.S.obj
 .ARM.attributes
                0x00000490       0x22 CMakeFiles/ledmatrix.dir/root/pico-sdk/src/rp2_common/pico_float/float_aeabi_rp2040.S.obj
 .ARM.attributes
                0x000004b2       0x2c CMakeFiles/ledmatrix.dir/root/pico-sdk/src/rp2_common/pico_float/float_init_rom_rp2040.c.obj
 .ARM.attributes
                0x000004de       0x22 CMakeFiles/ledmatrix.dir/root/pico-sdk/src/rp2_common/pico_mem_ops/mem_ops_aeabi.S.obj
 .ARM.attributes
                0x00000500       0x2c CMakeFiles/ledmatrix.dir/root/pico-sdk/src/rp2_common/pico_standard_binary_info/standard_binary_info.c.obj
 .ARM.attributes
                0x0000052c       0x2c CMakeFiles/ledmatrix.dir/root/pico-sdk/src/rp2_common/pico_printf/printf.c.obj
 .ARM.attributes
                0x00000558       0x22 CMakeFiles/ledmatrix.dir/root/pico-sdk/src/rp2_common/pico_crt0/crt0.S.obj
 .ARM.attributes
                0x0000057a       0x2c CMakeFiles/ledmatrix.dir/root/pico-sdk/src/rp2_common/pico_clib_interface/newlib_interface.c.obj
 .ARM.attributes
                0x000005a6       0x2c CMakeFiles/ledmatrix.dir/root/pico-sdk/src/rp2_common/pico_stdio/stdio.c.obj
 .ARM.attributes
                0x000005d2       0x2c CMakeFiles/ledmatrix.dir/root/pico-sdk/src/rp2_common/pico_stdio_uart/stdio_uart.c.obj
 .ARM.attributes
                0x000005fe       0x2c CMakeFiles/ledmatrix.dir/root/pico-sdk/src/rp2_common/hardware_pio/pio.c.obj
 .ARM.attributes
                0x0000062a       0x22 /tmp/ccAJLdZC.o
 .ARM.attributes
                0x0000064c       0x1e /usr/lib/gcc/arm-none-eabi/14.1.0/thumb/v6-m/nofp/libgcc.a(_dvmd_tls.o)
 .ARM.attributes
                0x0000066a       0x2c /usr/lib/gcc/arm-none-eabi/14.1.0/../../../../arm-none-eabi/lib/thumb/v6-m/nofp/libg.a(libc_a-atexit.o)
 .ARM.attributes
                0x00000696       0x2c /usr/lib/gcc/arm-none-eabi/14.1.0/../../../../arm-none-eabi/lib/thumb/v6-m/nofp/libg.a(libc_a-fini.o)
 .ARM.attributes
                0x000006c2       0x2c /usr/lib/gcc/arm-none-eabi/14.1.0/../../../../arm-none-eabi/lib/thumb/v6-m/nofp/libg.a(libc_a-lock.o)
 .ARM.attributes
                0x000006ee       0x2c /usr/lib/gcc/arm-none-eabi/14.1.0/../../../../arm-none-eabi/lib/thumb/v6-m/nofp/libg.a(libc_a-strlen-stub.o)
 .ARM.attributes
                0x0000071a       0x2c /usr/lib/gcc/arm-none-eabi/14.1.0/../../../../arm-none-eabi/lib/thumb/v6-m/nofp/libg.a(libc_a-__atexit.o)
 .ARM.attributes
                0x00000746       0x2c /usr/lib/gcc/arm-none-eabi/14.1.0/../../../../arm-none-eabi/lib/thumb/v6-m/nofp/libg.a(libc_a-__call_atexit.o)
 .ARM.attributes
                0x00000772       0x2c /usr/lib/gcc/arm-none-eabi/14.1.0/thumb/v6-m/nofp/crtend.o

.comment        0x00000000       0x46
 .comment       0x00000000       0x46 /usr/lib/gcc/arm-none-eabi/14.1.0/thumb/v6-m/nofp/crtbegin.o
                                 0x24 (size before relaxing)
 .comment       0x00000046       0x24 CMakeFiles/ledmatrix.dir/src/hub75.c.obj
 .comment       0x00000046       0x24 CMakeFiles/ledmatrix.dir/root/pico-sdk/src/rp2_common/hardware_gpio/gpio.c.obj
 .comment       0x00000046       0x24 CMakeFiles/ledmatrix.dir/root/pico-sdk/src/rp2_common/pico_platform_panic/panic.c.obj
 .comment       0x00000046       0x24 CMakeFiles/ledmatrix.dir/root/pico-sdk/src/common/hardware_claim/claim.c.obj
 .comment       0x00000046       0x24 CMakeFiles/ledmatrix.dir/root/pico-sdk/src/rp2_common/hardware_sync/sync.c.obj
 .comment       0x00000046       0x24 CMakeFiles/ledmatrix.dir/root/pico-sdk/src/rp2_common/hardware_sync_spin_lock/sync_spin_lock.c.obj
 .comment       0x00000046       0x24 CMakeFiles/ledmatrix.dir/root/pico-sdk/src/rp2_common/hardware_irq/irq.c.obj
 .comment       0x00000046       0x24 CMakeFiles/ledmatrix.dir/root/pico-sdk/src/common/pico_sync/lock_core.c.obj
 .comment       0x00000046       0x24 CMakeFiles/ledmatrix.dir/root/pico-sdk/src/common/pico_sync/mutex.c.obj
 .comment       0x00000046       0x24 CMakeFiles/ledmatrix.dir/root/pico-sdk/src/common/pico_time/time.c.obj
 .comment       0x00000046       0x24 CMakeFiles/ledmatrix.dir/root/pico-sdk/src/rp2_common/hardware_timer/timer.c.obj
 .comment       0x00000046       0x24 CMakeFiles/ledmatrix.dir/root/pico-sdk/src/rp2_common/hardware_uart/uart.c.obj
 .comment       0x00000046       0x24 CMakeFiles/ledmatrix.dir/root/pico-sdk/src/rp2_common/hardware_clocks/clocks.c.obj
 .comment       0x00000046       0x24 CMakeFiles/ledmatrix.dir/root/pico-sdk/src/rp2_common/hardware_pll/pll.c.obj
 .comment       0x00000046       0x24 CMakeFiles/ledmatrix.dir/root/pico-sdk/src/rp2_common/hardware_ticks/ticks.c.obj
 .comment       0x00000046       0x24 CMakeFiles/ledmatrix.dir/root/pico-sdk/src/rp2_common/hardware_xosc/xosc.c.obj
 .comment       0x00000046       0x24 CMakeFiles/ledmatrix.dir/root/pico-sdk/src/rp2_common/pico_runtime/runtime.c.obj
 .comment       0x00000046       0x24 CMakeFiles/ledmatrix.dir/root/pico-sdk/src/rp2_common/pico_runtime_init/runtime_init.c.obj
 .comment       0x00000046       0x24 CMakeFiles/ledmatrix.dir/root/pico-sdk/src/rp2_common/pico_runtime_init/runtime_init_clocks.c.obj
 .comment       0x00000046       0x24 CMakeFiles/ledmatrix.dir/root/pico-sdk/src/rp2_common/pico_bootrom/bootrom.c.obj
 .comment       0x00000046       0x24 CMakeFiles/ledmatrix.dir/root/pico-sdk/src/rp2_common/pico_double/double_init_rom_rp2040.c.obj
 .comment       0x00000046       0x24 CMakeFiles/ledmatrix.dir/root/pico-sdk/src/rp2_common/pico_float/float_init_rom_rp2040.c.obj
 .comment       0x00000046       0x24 CMakeFiles/ledmatrix.dir/root/pico-sdk/src/rp2_common/pico_standard_binary_info/standard_binary_info.c.obj
 .comment       0x00000046       0x24 CMakeFiles/ledmatrix.dir/root/pico-sdk/src/rp2_common/pico_printf/printf.c.obj
 .comment       0x00000046       0x24 CMakeFiles/ledmatrix.dir/root/pico-sdk/src/rp2_common/pico_clib_interface/newlib_interface.c.obj
 .comment       0x00000046       0x24 CMakeFiles/ledmatrix.dir/root/pico-sdk/src/rp2_common/pico_stdio/stdio.c.obj
 .comment       0x00000046       0x24 CMakeFiles/ledmatrix.dir/root/pico-sdk/src/rp2_common/pico_stdio_uart/stdio_uart.c.obj
 .comment       0x00000046       0x24 CMakeFiles/ledmatrix.dir/root/pico-sdk/src/rp2_common/hardware_pio/pio.c.obj
 .comment       0x00000046       0x24 /usr/lib/gcc/arm-none-eabi/14.1.0/../../../../arm-none-eabi/lib/thumb/v6-m/nofp/libg.a(libc_a-atexit.o)
 .comment       0x00000046       0x24 /usr/lib/gcc/arm-none-eabi/14.1.0/../../../../arm-none-eabi/lib/thumb/v6-m/nofp/libg.a(libc_a-fini.o)
 .comment       0x00000046       0x24 /usr/lib/gcc/arm-none-eabi/14.1.0/../../../../arm-none-eabi/lib/thumb/v6-m/nofp/libg.a(libc_a-lock.o)
 .comment       0x00000046       0x24 /usr/lib/gcc/arm-none-eabi/14.1.0/../../../../arm-none-eabi/lib/thumb/v6-m/nofp/libg.a(libc_a-strlen-stub.o)
 .comment       0x00000046       0x24 /usr/lib/gcc/arm-none-eabi/14.1.0/../../../../arm-none-eabi/lib/thumb/v6-m/nofp/libg.a(libc_a-__atexit.o)
 .comment       0x00000046       0x24 /usr/lib/gcc/arm-none-eabi/14.1.0/../../../../arm-none-eabi/lib/thumb/v6-m/nofp/libg.a(libc_a-__call_atexit.o)
 .comment       0x00000046       0x24 /usr/lib/gcc/arm-none-eabi/14.1.0/thumb/v6-m/nofp/crtend.o

.debug_info     0x00000000    0x21f9c
 .debug_info    0x00000000     0x22bf CMakeFiles/ledmatrix.dir/src/hub75.c.obj
 .debug_info    0x000022bf     0x242f CMakeFiles/ledmatrix.dir/root/pico-sdk/src/rp2_common/hardware_gpio/gpio.c.obj
 .debug_info    0x000046ee      0x1bf CMakeFiles/ledmatrix.dir/root/pico-sdk/src/rp2_common/pico_platform_panic/panic.c.obj
 .debug_info    0x000048ad      0x999 CMakeFiles/ledmatrix.dir/root/pico-sdk/src/common/hardware_claim/claim.c.obj
 .debug_info    0x00005246      0x45c CMakeFiles/ledmatrix.dir/root/pico-sdk/src/rp2_common/hardware_sync/sync.c.obj
 .debug_info    0x000056a2      0x245 CMakeFiles/ledmatrix.dir/root/pico-sdk/src/rp2_common/hardware_sync_spin_lock/sync_spin_lock.c.obj
 .debug_info    0x000058e7     0x21aa CMakeFiles/ledmatrix.dir/root/pico-sdk/src/rp2_common/hardware_irq/irq.c.obj
 .debug_info    0x00007a91      0x15f CMakeFiles/ledmatrix.dir/root/pico-sdk/src/common/pico_sync/lock_core.c.obj
 .debug_info    0x00007bf0     0x27e7 CMakeFiles/ledmatrix.dir/root/pico-sdk/src/common/pico_sync/mutex.c.obj
 .debug_info    0x0000a3d7     0x5109 CMakeFiles/ledmatrix.dir/root/pico-sdk/src/common/pico_time/time.c.obj
 .debug_info    0x0000f4e0     0x2af8 CMakeFiles/ledmatrix.dir/root/pico-sdk/src/rp2_common/hardware_timer/timer.c.obj
 .debug_info    0x00011fd8     0x195f CMakeFiles/ledmatrix.dir/root/pico-sdk/src/rp2_common/hardware_uart/uart.c.obj
 .debug_info    0x00013937     0x2954 CMakeFiles/ledmatrix.dir/root/pico-sdk/src/rp2_common/hardware_clocks/clocks.c.obj
 .debug_info    0x0001628b      0x4e5 CMakeFiles/ledmatrix.dir/root/pico-sdk/src/rp2_common/hardware_pll/pll.c.obj
 .debug_info    0x00016770      0x248 CMakeFiles/ledmatrix.dir/root/pico-sdk/src/rp2_common/hardware_ticks/ticks.c.obj
 .debug_info    0x000169b8      0x1cc CMakeFiles/ledmatrix.dir/root/pico-sdk/src/rp2_common/hardware_xosc/xosc.c.obj
 .debug_info    0x00016b84      0x21a CMakeFiles/ledmatrix.dir/root/pico-sdk/src/rp2_common/pico_runtime/runtime.c.obj
 .debug_info    0x00016d9e      0x795 CMakeFiles/ledmatrix.dir/root/pico-sdk/src/rp2_common/pico_runtime_init/runtime_init.c.obj
 .debug_info    0x00017533      0x781 CMakeFiles/ledmatrix.dir/root/pico-sdk/src/rp2_common/pico_runtime_init/runtime_init_clocks.c.obj
 .debug_info    0x00017cb4       0x23 CMakeFiles/ledmatrix.dir/root/pico-sdk/src/rp2_common/pico_bit_ops/bit_ops_aeabi.S.obj
 .debug_info    0x00017cd7      0x50f CMakeFiles/ledmatrix.dir/root/pico-sdk/src/rp2_common/pico_bootrom/bootrom.c.obj
 .debug_info    0x000181e6       0x23 CMakeFiles/ledmatrix.dir/root/pico-sdk/src/rp2_common/pico_divider/divider_hardware.S.obj
 .debug_info    0x00018209       0x23 CMakeFiles/ledmatrix.dir/root/pico-sdk/src/rp2_common/pico_double/double_aeabi_rp2040.S.obj
 .debug_info    0x0001822c      0x2bd CMakeFiles/ledmatrix.dir/root/pico-sdk/src/rp2_common/pico_double/double_init_rom_rp2040.c.obj
 .debug_info    0x000184e9       0x24 CMakeFiles/ledmatrix.dir/root/pico-sdk/src/rp2_common/pico_double/double_v1_rom_shim_rp2040.S.obj
 .debug_info    0x0001850d       0x23 CMakeFiles/ledmatrix.dir/root/pico-sdk/src/rp2_common/pico_float/float_aeabi_rp2040.S.obj
 .debug_info    0x00018530      0x2a9 CMakeFiles/ledmatrix.dir/root/pico-sdk/src/rp2_common/pico_float/float_init_rom_rp2040.c.obj
 .debug_info    0x000187d9       0x23 CMakeFiles/ledmatrix.dir/root/pico-sdk/src/rp2_common/pico_mem_ops/mem_ops_aeabi.S.obj
 .debug_info    0x000187fc      0x28e CMakeFiles/ledmatrix.dir/root/pico-sdk/src/rp2_common/pico_standard_binary_info/standard_binary_info.c.obj
 .debug_info    0x00018a8a     0x22f2 CMakeFiles/ledmatrix.dir/root/pico-sdk/src/rp2_common/pico_printf/printf.c.obj
 .debug_info    0x0001ad7c       0x23 CMakeFiles/ledmatrix.dir/root/pico-sdk/src/rp2_common/pico_crt0/crt0.S.obj
 .debug_info    0x0001ad9f      0xb54 CMakeFiles/ledmatrix.dir/root/pico-sdk/src/rp2_common/pico_clib_interface/newlib_interface.c.obj
 .debug_info    0x0001b8f3     0x1d6c CMakeFiles/ledmatrix.dir/root/pico-sdk/src/rp2_common/pico_stdio/stdio.c.obj
 .debug_info    0x0001d65f     0x150a CMakeFiles/ledmatrix.dir/root/pico-sdk/src/rp2_common/pico_stdio_uart/stdio_uart.c.obj
 .debug_info    0x0001eb69     0x29a3 CMakeFiles/ledmatrix.dir/root/pico-sdk/src/rp2_common/hardware_pio/pio.c.obj
 .debug_info    0x0002150c       0x3c /usr/lib/gcc/arm-none-eabi/14.1.0/thumb/v6-m/nofp/libgcc.a(_dvmd_tls.o)
 .debug_info    0x00021548      0x11e /usr/lib/gcc/arm-none-eabi/14.1.0/../../../../arm-none-eabi/lib/thumb/v6-m/nofp/libg.a(libc_a-atexit.o)
 .debug_info    0x00021666       0xf7 /usr/lib/gcc/arm-none-eabi/14.1.0/../../../../arm-none-eabi/lib/thumb/v6-m/nofp/libg.a(libc_a-fini.o)
 .debug_info    0x0002175d      0x218 /usr/lib/gcc/arm-none-eabi/14.1.0/../../../../arm-none-eabi/lib/thumb/v6-m/nofp/libg.a(libc_a-lock.o)
 .debug_info    0x00021975       0xeb /usr/lib/gcc/arm-none-eabi/14.1.0/../../../../arm-none-eabi/lib/thumb/v6-m/nofp/libg.a(libc_a-strlen-stub.o)
 .debug_info    0x00021a60      0x25f /usr/lib/gcc/arm-none-eabi/14.1.0/../../../../arm-none-eabi/lib/thumb/v6-m/nofp/libg.a(libc_a-__atexit.o)
 .debug_info    0x00021cbf      0x2dd /usr/lib/gcc/arm-none-eabi/14.1.0/../../../../arm-none-eabi/lib/thumb/v6-m/nofp/libg.a(libc_a-__call_atexit.o)

.debug_abbrev   0x00000000     0x6124
 .debug_abbrev  0x00000000      0x4b3 CMakeFiles/ledmatrix.dir/src/hub75.c.obj
 .debug_abbrev  0x000004b3      0x50e CMakeFiles/ledmatrix.dir/root/pico-sdk/src/rp2_common/hardware_gpio/gpio.c.obj
 .debug_abbrev  0x000009c1      0x12b CMakeFiles/ledmatrix.dir/root/pico-sdk/src/rp2_common/pico_platform_panic/panic.c.obj
 .debug_abbrev  0x00000aec      0x33d CMakeFiles/ledmatrix.dir/root/pico-sdk/src/common/hardware_claim/claim.c.obj
 .debug_abbrev  0x00000e29      0x20f CMakeFiles/ledmatrix.dir/root/pico-sdk/src/rp2_common/hardware_sync/sync.c.obj
 .debug_abbrev  0x00001038      0x1bb CMakeFiles/ledmatrix.dir/root/pico-sdk/src/rp2_common/hardware_sync_spin_lock/sync_spin_lock.c.obj
 .debug_abbrev  0x000011f3      0x613 CMakeFiles/ledmatrix.dir/root/pico-sdk/src/rp2_common/hardware_irq/irq.c.obj
 .debug_abbrev  0x00001806       0xee CMakeFiles/ledmatrix.dir/root/pico-sdk/src/common/pico_sync/lock_core.c.obj
 .debug_abbrev  0x000018f4      0x48f CMakeFiles/ledmatrix.dir/root/pico-sdk/src/common/pico_sync/mutex.c.obj
 .debug_abbrev  0x00001d83      0x659 CMakeFiles/ledmatrix.dir/root/pico-sdk/src/common/pico_time/time.c.obj
 .debug_abbrev  0x000023dc      0x503 CMakeFiles/ledmatrix.dir/root/pico-sdk/src/rp2_common/hardware_timer/timer.c.obj
 .debug_abbrev  0x000028df      0x365 CMakeFiles/ledmatrix.dir/root/pico-sdk/src/rp2_common/hardware_uart/uart.c.obj
 .debug_abbrev  0x00002c44      0x4fd CMakeFiles/ledmatrix.dir/root/pico-sdk/src/rp2_common/hardware_clocks/clocks.c.obj
 .debug_abbrev  0x00003141      0x1d2 CMakeFiles/ledmatrix.dir/root/pico-sdk/src/rp2_common/hardware_pll/pll.c.obj
 .debug_abbrev  0x00003313      0x145 CMakeFiles/ledmatrix.dir/root/pico-sdk/src/rp2_common/hardware_ticks/ticks.c.obj
 .debug_abbrev  0x00003458      0x11b CMakeFiles/ledmatrix.dir/root/pico-sdk/src/rp2_common/hardware_xosc/xosc.c.obj
 .debug_abbrev  0x00003573      0x182 CMakeFiles/ledmatrix.dir/root/pico-sdk/src/rp2_common/pico_runtime/runtime.c.obj
 .debug_abbrev  0x000036f5      0x222 CMakeFiles/ledmatrix.dir/root/pico-sdk/src/rp2_common/pico_runtime_init/runtime_init.c.obj
 .debug_abbrev  0x00003917      0x2af CMakeFiles/ledmatrix.dir/root/pico-sdk/src/rp2_common/pico_runtime_init/runtime_init_clocks.c.obj
 .debug_abbrev  0x00003bc6       0x12 CMakeFiles/ledmatrix.dir/root/pico-sdk/src/rp2_common/pico_bit_ops/bit_ops_aeabi.S.obj
 .debug_abbrev  0x00003bd8      0x1b9 CMakeFiles/ledmatrix.dir/root/pico-sdk/src/rp2_common/pico_bootrom/bootrom.c.obj
 .debug_abbrev  0x00003d91       0x12 CMakeFiles/ledmatrix.dir/root/pico-sdk/src/rp2_common/pico_divider/divider_hardware.S.obj
 .debug_abbrev  0x00003da3       0x12 CMakeFiles/ledmatrix.dir/root/pico-sdk/src/rp2_common/pico_double/double_aeabi_rp2040.S.obj
 .debug_abbrev  0x00003db5      0x1bb CMakeFiles/ledmatrix.dir/root/pico-sdk/src/rp2_common/pico_double/double_init_rom_rp2040.c.obj
 .debug_abbrev  0x00003f70       0x14 CMakeFiles/ledmatrix.dir/root/pico-sdk/src/rp2_common/pico_double/double_v1_rom_shim_rp2040.S.obj
 .debug_abbrev  0x00003f84       0x12 CMakeFiles/ledmatrix.dir/root/pico-sdk/src/rp2_common/pico_float/float_aeabi_rp2040.S.obj
 .debug_abbrev  0x00003f96      0x19e CMakeFiles/ledmatrix.dir/root/pico-sdk/src/rp2_common/pico_float/float_init_rom_rp2040.c.obj
 .debug_abbrev  0x00004134       0x12 CMakeFiles/ledmatrix.dir/root/pico-sdk/src/rp2_common/pico_mem_ops/mem_ops_aeabi.S.obj
 .debug_abbrev  0x00004146       0xb8 CMakeFiles/ledmatrix.dir/root/pico-sdk/src/rp2_common/pico_standard_binary_info/standard_binary_info.c.obj
 .debug_abbrev  0x000041fe      0x50c CMakeFiles/ledmatrix.dir/root/pico-sdk/src/rp2_common/pico_printf/printf.c.obj
 .debug_abbrev  0x0000470a       0x12 CMakeFiles/ledmatrix.dir/root/pico-sdk/src/rp2_common/pico_crt0/crt0.S.obj
 .debug_abbrev  0x0000471c      0x352 CMakeFiles/ledmatrix.dir/root/pico-sdk/src/rp2_common/pico_clib_interface/newlib_interface.c.obj
 .debug_abbrev  0x00004a6e      0x5d9 CMakeFiles/ledmatrix.dir/root/pico-sdk/src/rp2_common/pico_stdio/stdio.c.obj
 .debug_abbrev  0x00005047      0x4b3 CMakeFiles/ledmatrix.dir/root/pico-sdk/src/rp2_common/pico_stdio_uart/stdio_uart.c.obj
 .debug_abbrev  0x000054fa      0x54f CMakeFiles/ledmatrix.dir/root/pico-sdk/src/rp2_common/hardware_pio/pio.c.obj
 .debug_abbrev  0x00005a49       0x26 /usr/lib/gcc/arm-none-eabi/14.1.0/thumb/v6-m/nofp/libgcc.a(_dvmd_tls.o)
 .debug_abbrev  0x00005a6f       0xbe /usr/lib/gcc/arm-none-eabi/14.1.0/../../../../arm-none-eabi/lib/thumb/v6-m/nofp/libg.a(libc_a-atexit.o)
 .debug_abbrev  0x00005b2d       0xc9 /usr/lib/gcc/arm-none-eabi/14.1.0/../../../../arm-none-eabi/lib/thumb/v6-m/nofp/libg.a(libc_a-fini.o)
 .debug_abbrev  0x00005bf6      0x115 /usr/lib/gcc/arm-none-eabi/14.1.0/../../../../arm-none-eabi/lib/thumb/v6-m/nofp/libg.a(libc_a-lock.o)
 .debug_abbrev  0x00005d0b       0x90 /usr/lib/gcc/arm-none-eabi/14.1.0/../../../../arm-none-eabi/lib/thumb/v6-m/nofp/libg.a(libc_a-strlen-stub.o)
 .debug_abbrev  0x00005d9b      0x189 /usr/lib/gcc/arm-none-eabi/14.1.0/../../../../arm-none-eabi/lib/thumb/v6-m/nofp/libg.a(libc_a-__atexit.o)
 .debug_abbrev  0x00005f24      0x200 /usr/lib/gcc/arm-none-eabi/14.1.0/../../../../arm-none-eabi/lib/thumb/v6-m/nofp/libg.a(libc_a-__call_atexit.o)

.debug_loclists
                0x00000000    0x13742
 .debug_loclists
                0x00000000      0xc81 CMakeFiles/ledmatrix.dir/src/hub75.c.obj
 .debug_loclists
                0x00000c81     0x1ac0 CMakeFiles/ledmatrix.dir/root/pico-sdk/src/rp2_common/hardware_gpio/gpio.c.obj
 .debug_loclists
                0x00002741      0x349 CMakeFiles/ledmatrix.dir/root/pico-sdk/src/common/hardware_claim/claim.c.obj
 .debug_loclists
                0x00002a8a      0x108 CMakeFiles/ledmatrix.dir/root/pico-sdk/src/rp2_common/hardware_sync/sync.c.obj
 .debug_loclists
                0x00002b92       0x7d CMakeFiles/ledmatrix.dir/root/pico-sdk/src/rp2_common/hardware_sync_spin_lock/sync_spin_lock.c.obj
 .debug_loclists
                0x00002c0f     0x11bc CMakeFiles/ledmatrix.dir/root/pico-sdk/src/rp2_common/hardware_irq/irq.c.obj
 .debug_loclists
                0x00003dcb       0x41 CMakeFiles/ledmatrix.dir/root/pico-sdk/src/common/pico_sync/lock_core.c.obj
 .debug_loclists
                0x00003e0c      0xaec CMakeFiles/ledmatrix.dir/root/pico-sdk/src/common/pico_sync/mutex.c.obj
 .debug_loclists
                0x000048f8     0x2847 CMakeFiles/ledmatrix.dir/root/pico-sdk/src/common/pico_time/time.c.obj
 .debug_loclists
                0x0000713f     0x19ce CMakeFiles/ledmatrix.dir/root/pico-sdk/src/rp2_common/hardware_timer/timer.c.obj
 .debug_loclists
                0x00008b0d      0xc90 CMakeFiles/ledmatrix.dir/root/pico-sdk/src/rp2_common/hardware_uart/uart.c.obj
 .debug_loclists
                0x0000979d     0x294a CMakeFiles/ledmatrix.dir/root/pico-sdk/src/rp2_common/hardware_clocks/clocks.c.obj
 .debug_loclists
                0x0000c0e7      0x1e0 CMakeFiles/ledmatrix.dir/root/pico-sdk/src/rp2_common/hardware_pll/pll.c.obj
 .debug_loclists
                0x0000c2c7       0x47 CMakeFiles/ledmatrix.dir/root/pico-sdk/src/rp2_common/hardware_ticks/ticks.c.obj
 .debug_loclists
                0x0000c30e       0x48 CMakeFiles/ledmatrix.dir/root/pico-sdk/src/rp2_common/hardware_xosc/xosc.c.obj
 .debug_loclists
                0x0000c356       0x7e CMakeFiles/ledmatrix.dir/root/pico-sdk/src/rp2_common/pico_runtime/runtime.c.obj
 .debug_loclists
                0x0000c3d4       0xba CMakeFiles/ledmatrix.dir/root/pico-sdk/src/rp2_common/pico_runtime_init/runtime_init.c.obj
 .debug_loclists
                0x0000c48e       0x74 CMakeFiles/ledmatrix.dir/root/pico-sdk/src/rp2_common/pico_runtime_init/runtime_init_clocks.c.obj
 .debug_loclists
                0x0000c502      0x291 CMakeFiles/ledmatrix.dir/root/pico-sdk/src/rp2_common/pico_bootrom/bootrom.c.obj
 .debug_loclists
                0x0000c793       0x35 CMakeFiles/ledmatrix.dir/root/pico-sdk/src/rp2_common/pico_double/double_init_rom_rp2040.c.obj
 .debug_loclists
                0x0000c7c8       0x4e CMakeFiles/ledmatrix.dir/root/pico-sdk/src/rp2_common/pico_float/float_init_rom_rp2040.c.obj
 .debug_loclists
                0x0000c816     0x355f CMakeFiles/ledmatrix.dir/root/pico-sdk/src/rp2_common/pico_printf/printf.c.obj
 .debug_loclists
                0x0000fd75      0x431 CMakeFiles/ledmatrix.dir/root/pico-sdk/src/rp2_common/pico_clib_interface/newlib_interface.c.obj
 .debug_loclists
                0x000101a6      0xf51 CMakeFiles/ledmatrix.dir/root/pico-sdk/src/rp2_common/pico_stdio/stdio.c.obj
 .debug_loclists
                0x000110f7      0x730 CMakeFiles/ledmatrix.dir/root/pico-sdk/src/rp2_common/pico_stdio_uart/stdio_uart.c.obj
 .debug_loclists
                0x00011827     0x1bb2 CMakeFiles/ledmatrix.dir/root/pico-sdk/src/rp2_common/hardware_pio/pio.c.obj
 .debug_loclists
                0x000133d9       0x30 /usr/lib/gcc/arm-none-eabi/14.1.0/../../../../arm-none-eabi/lib/thumb/v6-m/nofp/libg.a(libc_a-atexit.o)
 .debug_loclists
                0x00013409       0x34 /usr/lib/gcc/arm-none-eabi/14.1.0/../../../../arm-none-eabi/lib/thumb/v6-m/nofp/libg.a(libc_a-fini.o)
 .debug_loclists
                0x0001343d       0x29 /usr/lib/gcc/arm-none-eabi/14.1.0/../../../../arm-none-eabi/lib/thumb/v6-m/nofp/libg.a(libc_a-lock.o)
 .debug_loclists
                0x00013466       0x64 /usr/lib/gcc/arm-none-eabi/14.1.0/../../../../arm-none-eabi/lib/thumb/v6-m/nofp/libg.a(libc_a-strlen-stub.o)
 .debug_loclists
                0x000134ca      0x122 /usr/lib/gcc/arm-none-eabi/14.1.0/../../../../arm-none-eabi/lib/thumb/v6-m/nofp/libg.a(libc_a-__atexit.o)
 .debug_loclists
                0x000135ec      0x156 /usr/lib/gcc/arm-none-eabi/14.1.0/../../../../arm-none-eabi/lib/thumb/v6-m/nofp/libg.a(libc_a-__call_atexit.o)

.debug_aranges  0x00000000     0x1010
 .debug_aranges
                0x00000000       0x30 CMakeFiles/ledmatrix.dir/src/hub75.c.obj
 .debug_aranges
                0x00000030      0x120 CMakeFiles/ledmatrix.dir/root/pico-sdk/src/rp2_common/hardware_gpio/gpio.c.obj
 .debug_aranges
                0x00000150       0x28 CMakeFiles/ledmatrix.dir/root/pico-sdk/src/rp2_common/pico_platform_panic/panic.c.obj
 .debug_aranges
                0x00000178       0x48 CMakeFiles/ledmatrix.dir/root/pico-sdk/src/common/hardware_claim/claim.c.obj
 .debug_aranges
                0x000001c0       0x48 CMakeFiles/ledmatrix.dir/root/pico-sdk/src/rp2_common/hardware_sync/sync.c.obj
 .debug_aranges
                0x00000208       0x28 CMakeFiles/ledmatrix.dir/root/pico-sdk/src/rp2_common/hardware_sync_spin_lock/sync_spin_lock.c.obj
 .debug_aranges
                0x00000230       0xb0 CMakeFiles/ledmatrix.dir/root/pico-sdk/src/rp2_common/hardware_irq/irq.c.obj
 .debug_aranges
                0x000002e0       0x20 CMakeFiles/ledmatrix.dir/root/pico-sdk/src/common/pico_sync/lock_core.c.obj
 .debug_aranges
                0x00000300       0x98 CMakeFiles/ledmatrix.dir/root/pico-sdk/src/common/pico_sync/mutex.c.obj
 .debug_aranges
                0x00000398       0xe0 CMakeFiles/ledmatrix.dir/root/pico-sdk/src/common/pico_time/time.c.obj
 .debug_aranges
                0x00000478       0xf0 CMakeFiles/ledmatrix.dir/root/pico-sdk/src/rp2_common/hardware_timer/timer.c.obj
 .debug_aranges
                0x00000568       0x58 CMakeFiles/ledmatrix.dir/root/pico-sdk/src/rp2_common/hardware_uart/uart.c.obj
 .debug_aranges
                0x000005c0       0x90 CMakeFiles/ledmatrix.dir/root/pico-sdk/src/rp2_common/hardware_clocks/clocks.c.obj
 .debug_aranges
                0x00000650       0x28 CMakeFiles/ledmatrix.dir/root/pico-sdk/src/rp2_common/hardware_pll/pll.c.obj
 .debug_aranges
                0x00000678       0x30 CMakeFiles/ledmatrix.dir/root/pico-sdk/src/rp2_common/hardware_ticks/ticks.c.obj
 .debug_aranges
                0x000006a8       0x30 CMakeFiles/ledmatrix.dir/root/pico-sdk/src/rp2_common/hardware_xosc/xosc.c.obj
 .debug_aranges
                0x000006d8       0x38 CMakeFiles/ledmatrix.dir/root/pico-sdk/src/rp2_common/pico_runtime/runtime.c.obj
 .debug_aranges
                0x00000710       0x48 CMakeFiles/ledmatrix.dir/root/pico-sdk/src/rp2_common/pico_runtime_init/runtime_init.c.obj
 .debug_aranges
                0x00000758       0x20 CMakeFiles/ledmatrix.dir/root/pico-sdk/src/rp2_common/pico_runtime_init/runtime_init_clocks.c.obj
 .debug_aranges
                0x00000778       0x60 CMakeFiles/ledmatrix.dir/root/pico-sdk/src/rp2_common/pico_bit_ops/bit_ops_aeabi.S.obj
 .debug_aranges
                0x000007d8       0x38 CMakeFiles/ledmatrix.dir/root/pico-sdk/src/rp2_common/pico_bootrom/bootrom.c.obj
 .debug_aranges
                0x00000810       0x40 CMakeFiles/ledmatrix.dir/root/pico-sdk/src/rp2_common/pico_divider/divider_hardware.S.obj
 .debug_aranges
                0x00000850      0x140 CMakeFiles/ledmatrix.dir/root/pico-sdk/src/rp2_common/pico_double/double_aeabi_rp2040.S.obj
 .debug_aranges
                0x00000990       0x28 CMakeFiles/ledmatrix.dir/root/pico-sdk/src/rp2_common/pico_double/double_init_rom_rp2040.c.obj
 .debug_aranges
                0x000009b8       0x20 CMakeFiles/ledmatrix.dir/root/pico-sdk/src/rp2_common/pico_double/double_v1_rom_shim_rp2040.S.obj
 .debug_aranges
                0x000009d8      0x130 CMakeFiles/ledmatrix.dir/root/pico-sdk/src/rp2_common/pico_float/float_aeabi_rp2040.S.obj
 .debug_aranges
                0x00000b08       0x28 CMakeFiles/ledmatrix.dir/root/pico-sdk/src/rp2_common/pico_float/float_init_rom_rp2040.c.obj
 .debug_aranges
                0x00000b30       0x38 CMakeFiles/ledmatrix.dir/root/pico-sdk/src/rp2_common/pico_mem_ops/mem_ops_aeabi.S.obj
 .debug_aranges
                0x00000b68       0x18 CMakeFiles/ledmatrix.dir/root/pico-sdk/src/rp2_common/pico_standard_binary_info/standard_binary_info.c.obj
 .debug_aranges
                0x00000b80       0x90 CMakeFiles/ledmatrix.dir/root/pico-sdk/src/rp2_common/pico_printf/printf.c.obj
 .debug_aranges
                0x00000c10       0x28 CMakeFiles/ledmatrix.dir/root/pico-sdk/src/rp2_common/pico_crt0/crt0.S.obj
 .debug_aranges
                0x00000c38       0xa0 CMakeFiles/ledmatrix.dir/root/pico-sdk/src/rp2_common/pico_clib_interface/newlib_interface.c.obj
 .debug_aranges
                0x00000cd8       0xc8 CMakeFiles/ledmatrix.dir/root/pico-sdk/src/rp2_common/pico_stdio/stdio.c.obj
 .debug_aranges
                0x00000da0       0x80 CMakeFiles/ledmatrix.dir/root/pico-sdk/src/rp2_common/pico_stdio_uart/stdio_uart.c.obj
 .debug_aranges
                0x00000e20       0xc0 CMakeFiles/ledmatrix.dir/root/pico-sdk/src/rp2_common/hardware_pio/pio.c.obj
 .debug_aranges
                0x00000ee0       0x20 /usr/lib/gcc/arm-none-eabi/14.1.0/thumb/v6-m/nofp/libgcc.a(_dvmd_tls.o)
 .debug_aranges
                0x00000f00       0x20 /usr/lib/gcc/arm-none-eabi/14.1.0/../../../../arm-none-eabi/lib/thumb/v6-m/nofp/libg.a(libc_a-atexit.o)
 .debug_aranges
                0x00000f20       0x20 /usr/lib/gcc/arm-none-eabi/14.1.0/../../../../arm-none-eabi/lib/thumb/v6-m/nofp/libg.a(libc_a-fini.o)
 .debug_aranges
                0x00000f40       0x68 /usr/lib/gcc/arm-none-eabi/14.1.0/../../../../arm-none-eabi/lib/thumb/v6-m/nofp/libg.a(libc_a-lock.o)
 .debug_aranges
                0x00000fa8       0x20 /usr/lib/gcc/arm-none-eabi/14.1.0/../../../../arm-none-eabi/lib/thumb/v6-m/nofp/libg.a(libc_a-strlen-stub.o)
 .debug_aranges
                0x00000fc8       0x20 /usr/lib/gcc/arm-none-eabi/14.1.0/../../../../arm-none-eabi/lib/thumb/v6-m/nofp/libg.a(libc_a-__atexit.o)
 .debug_aranges
                0x00000fe8       0x28 /usr/lib/gcc/arm-none-eabi/14.1.0/../../../../arm-none-eabi/lib/thumb/v6-m/nofp/libg.a(libc_a-__call_atexit.o)

.debug_rnglists
                0x00000000     0x34c6
 .debug_rnglists
                0x00000000      0x30f CMakeFiles/ledmatrix.dir/src/hub75.c.obj
 .debug_rnglists
                0x0000030f      0x5d0 CMakeFiles/ledmatrix.dir/root/pico-sdk/src/rp2_common/hardware_gpio/gpio.c.obj
 .debug_rnglists
                0x000008df       0x19 CMakeFiles/ledmatrix.dir/root/pico-sdk/src/rp2_common/pico_platform_panic/panic.c.obj
 .debug_rnglists
                0x000008f8       0xb6 CMakeFiles/ledmatrix.dir/root/pico-sdk/src/common/hardware_claim/claim.c.obj
 .debug_rnglists
                0x000009ae       0x58 CMakeFiles/ledmatrix.dir/root/pico-sdk/src/rp2_common/hardware_sync/sync.c.obj
 .debug_rnglists
                0x00000a06       0x3d CMakeFiles/ledmatrix.dir/root/pico-sdk/src/rp2_common/hardware_sync_spin_lock/sync_spin_lock.c.obj
 .debug_rnglists
                0x00000a43      0x35c CMakeFiles/ledmatrix.dir/root/pico-sdk/src/rp2_common/hardware_irq/irq.c.obj
 .debug_rnglists
                0x00000d9f       0x1f CMakeFiles/ledmatrix.dir/root/pico-sdk/src/common/pico_sync/lock_core.c.obj
 .debug_rnglists
                0x00000dbe      0x325 CMakeFiles/ledmatrix.dir/root/pico-sdk/src/common/pico_sync/mutex.c.obj
 .debug_rnglists
                0x000010e3      0x86b CMakeFiles/ledmatrix.dir/root/pico-sdk/src/common/pico_time/time.c.obj
 .debug_rnglists
                0x0000194e      0x2c9 CMakeFiles/ledmatrix.dir/root/pico-sdk/src/rp2_common/hardware_timer/timer.c.obj
 .debug_rnglists
                0x00001c17      0x259 CMakeFiles/ledmatrix.dir/root/pico-sdk/src/rp2_common/hardware_uart/uart.c.obj
 .debug_rnglists
                0x00001e70      0x52d CMakeFiles/ledmatrix.dir/root/pico-sdk/src/rp2_common/hardware_clocks/clocks.c.obj
 .debug_rnglists
                0x0000239d       0x5c CMakeFiles/ledmatrix.dir/root/pico-sdk/src/rp2_common/hardware_pll/pll.c.obj
 .debug_rnglists
                0x000023f9       0x2b CMakeFiles/ledmatrix.dir/root/pico-sdk/src/rp2_common/hardware_ticks/ticks.c.obj
 .debug_rnglists
                0x00002424       0x2b CMakeFiles/ledmatrix.dir/root/pico-sdk/src/rp2_common/hardware_xosc/xosc.c.obj
 .debug_rnglists
                0x0000244f       0x3d CMakeFiles/ledmatrix.dir/root/pico-sdk/src/rp2_common/pico_runtime/runtime.c.obj
 .debug_rnglists
                0x0000248c       0x49 CMakeFiles/ledmatrix.dir/root/pico-sdk/src/rp2_common/pico_runtime_init/runtime_init.c.obj
 .debug_rnglists
                0x000024d5       0x20 CMakeFiles/ledmatrix.dir/root/pico-sdk/src/rp2_common/pico_runtime_init/runtime_init_clocks.c.obj
 .debug_rnglists
                0x000024f5       0x43 CMakeFiles/ledmatrix.dir/root/pico-sdk/src/rp2_common/pico_bit_ops/bit_ops_aeabi.S.obj
 .debug_rnglists
                0x00002538       0xd6 CMakeFiles/ledmatrix.dir/root/pico-sdk/src/rp2_common/pico_bootrom/bootrom.c.obj
 .debug_rnglists
                0x0000260e       0x2c CMakeFiles/ledmatrix.dir/root/pico-sdk/src/rp2_common/pico_divider/divider_hardware.S.obj
 .debug_rnglists
                0x0000263a       0xec CMakeFiles/ledmatrix.dir/root/pico-sdk/src/rp2_common/pico_double/double_aeabi_rp2040.S.obj
 .debug_rnglists
                0x00002726       0x1a CMakeFiles/ledmatrix.dir/root/pico-sdk/src/rp2_common/pico_double/double_init_rom_rp2040.c.obj
 .debug_rnglists
                0x00002740       0xdf CMakeFiles/ledmatrix.dir/root/pico-sdk/src/rp2_common/pico_float/float_aeabi_rp2040.S.obj
 .debug_rnglists
                0x0000281f       0x19 CMakeFiles/ledmatrix.dir/root/pico-sdk/src/rp2_common/pico_float/float_init_rom_rp2040.c.obj
 .debug_rnglists
                0x00002838       0x25 CMakeFiles/ledmatrix.dir/root/pico-sdk/src/rp2_common/pico_mem_ops/mem_ops_aeabi.S.obj
 .debug_rnglists
                0x0000285d      0x2a2 CMakeFiles/ledmatrix.dir/root/pico-sdk/src/rp2_common/pico_printf/printf.c.obj
 .debug_rnglists
                0x00002aff       0x1b CMakeFiles/ledmatrix.dir/root/pico-sdk/src/rp2_common/pico_crt0/crt0.S.obj
 .debug_rnglists
                0x00002b1a       0x7f CMakeFiles/ledmatrix.dir/root/pico-sdk/src/rp2_common/pico_clib_interface/newlib_interface.c.obj
 .debug_rnglists
                0x00002b99      0x2bb CMakeFiles/ledmatrix.dir/root/pico-sdk/src/rp2_common/pico_stdio/stdio.c.obj
 .debug_rnglists
                0x00002e54      0x1b6 CMakeFiles/ledmatrix.dir/root/pico-sdk/src/rp2_common/pico_stdio_uart/stdio_uart.c.obj
 .debug_rnglists
                0x0000300a      0x3e6 CMakeFiles/ledmatrix.dir/root/pico-sdk/src/rp2_common/hardware_pio/pio.c.obj
 .debug_rnglists
                0x000033f0       0x13 /usr/lib/gcc/arm-none-eabi/14.1.0/../../../../arm-none-eabi/lib/thumb/v6-m/nofp/libg.a(libc_a-atexit.o)
 .debug_rnglists
                0x00003403       0x13 /usr/lib/gcc/arm-none-eabi/14.1.0/../../../../arm-none-eabi/lib/thumb/v6-m/nofp/libg.a(libc_a-fini.o)
 .debug_rnglists
                0x00003416       0x49 /usr/lib/gcc/arm-none-eabi/14.1.0/../../../../arm-none-eabi/lib/thumb/v6-m/nofp/libg.a(libc_a-lock.o)
 .debug_rnglists
                0x0000345f       0x13 /usr/lib/gcc/arm-none-eabi/14.1.0/../../../../arm-none-eabi/lib/thumb/v6-m/nofp/libg.a(libc_a-strlen-stub.o)
 .debug_rnglists
                0x00003472       0x14 /usr/lib/gcc/arm-none-eabi/14.1.0/../../../../arm-none-eabi/lib/thumb/v6-m/nofp/libg.a(libc_a-__atexit.o)
 .debug_rnglists
                0x00003486       0x40 /usr/lib/gcc/arm-none-eabi/14.1.0/../../../../arm-none-eabi/lib/thumb/v6-m/nofp/libg.a(libc_a-__call_atexit.o)

.debug_line     0x00000000    0x17f70
 .debug_line    0x00000000      0xf6e CMakeFiles/ledmatrix.dir/src/hub75.c.obj
 .debug_line    0x00000f6e     0x1bb9 CMakeFiles/ledmatrix.dir/root/pico-sdk/src/rp2_common/hardware_gpio/gpio.c.obj
 .debug_line    0x00002b27      0x1d6 CMakeFiles/ledmatrix.dir/root/pico-sdk/src/rp2_common/pico_platform_panic/panic.c.obj
 .debug_line    0x00002cfd      0x80d CMakeFiles/ledmatrix.dir/root/pico-sdk/src/common/hardware_claim/claim.c.obj
 .debug_line    0x0000350a      0x410 CMakeFiles/ledmatrix.dir/root/pico-sdk/src/rp2_common/hardware_sync/sync.c.obj
 .debug_line    0x0000391a      0x306 CMakeFiles/ledmatrix.dir/root/pico-sdk/src/rp2_common/hardware_sync_spin_lock/sync_spin_lock.c.obj
 .debug_line    0x00003c20     0x15eb CMakeFiles/ledmatrix.dir/root/pico-sdk/src/rp2_common/hardware_irq/irq.c.obj
 .debug_line    0x0000520b      0x231 CMakeFiles/ledmatrix.dir/root/pico-sdk/src/common/pico_sync/lock_core.c.obj
 .debug_line    0x0000543c     0x1a4e CMakeFiles/ledmatrix.dir/root/pico-sdk/src/common/pico_sync/mutex.c.obj
 .debug_line    0x00006e8a     0x3590 CMakeFiles/ledmatrix.dir/root/pico-sdk/src/common/pico_time/time.c.obj
 .debug_line    0x0000a41a     0x1be3 CMakeFiles/ledmatrix.dir/root/pico-sdk/src/rp2_common/hardware_timer/timer.c.obj
 .debug_line    0x0000bffd      0xe91 CMakeFiles/ledmatrix.dir/root/pico-sdk/src/rp2_common/hardware_uart/uart.c.obj
 .debug_line    0x0000ce8e     0x1f0d CMakeFiles/ledmatrix.dir/root/pico-sdk/src/rp2_common/hardware_clocks/clocks.c.obj
 .debug_line    0x0000ed9b      0x424 CMakeFiles/ledmatrix.dir/root/pico-sdk/src/rp2_common/hardware_pll/pll.c.obj
 .debug_line    0x0000f1bf      0x290 CMakeFiles/ledmatrix.dir/root/pico-sdk/src/rp2_common/hardware_ticks/ticks.c.obj
 .debug_line    0x0000f44f      0x2a9 CMakeFiles/ledmatrix.dir/root/pico-sdk/src/rp2_common/hardware_xosc/xosc.c.obj
 .debug_line    0x0000f6f8      0x279 CMakeFiles/ledmatrix.dir/root/pico-sdk/src/rp2_common/pico_runtime/runtime.c.obj
 .debug_line    0x0000f971      0x466 CMakeFiles/ledmatrix.dir/root/pico-sdk/src/rp2_common/pico_runtime_init/runtime_init.c.obj
 .debug_line    0x0000fdd7      0x44f CMakeFiles/ledmatrix.dir/root/pico-sdk/src/rp2_common/pico_runtime_init/runtime_init_clocks.c.obj
 .debug_line    0x00010226      0x107 CMakeFiles/ledmatrix.dir/root/pico-sdk/src/rp2_common/pico_bit_ops/bit_ops_aeabi.S.obj
 .debug_line    0x0001032d      0x347 CMakeFiles/ledmatrix.dir/root/pico-sdk/src/rp2_common/pico_bootrom/bootrom.c.obj
 .debug_line    0x00010674      0x2a9 CMakeFiles/ledmatrix.dir/root/pico-sdk/src/rp2_common/pico_divider/divider_hardware.S.obj
 .debug_line    0x0001091d      0x3f3 CMakeFiles/ledmatrix.dir/root/pico-sdk/src/rp2_common/pico_double/double_aeabi_rp2040.S.obj
 .debug_line    0x00010d10      0x42e CMakeFiles/ledmatrix.dir/root/pico-sdk/src/rp2_common/pico_double/double_init_rom_rp2040.c.obj
 .debug_line    0x0001113e       0x5d CMakeFiles/ledmatrix.dir/root/pico-sdk/src/rp2_common/pico_double/double_v1_rom_shim_rp2040.S.obj
 .debug_line    0x0001119b      0x3a8 CMakeFiles/ledmatrix.dir/root/pico-sdk/src/rp2_common/pico_float/float_aeabi_rp2040.S.obj
 .debug_line    0x00011543      0x2ea CMakeFiles/ledmatrix.dir/root/pico-sdk/src/rp2_common/pico_float/float_init_rom_rp2040.c.obj
 .debug_line    0x0001182d       0x94 CMakeFiles/ledmatrix.dir/root/pico-sdk/src/rp2_common/pico_mem_ops/mem_ops_aeabi.S.obj
 .debug_line    0x000118c1      0x169 CMakeFiles/ledmatrix.dir/root/pico-sdk/src/rp2_common/pico_standard_binary_info/standard_binary_info.c.obj
 .debug_line    0x00011a2a     0x1c3c CMakeFiles/ledmatrix.dir/root/pico-sdk/src/rp2_common/pico_printf/printf.c.obj
 .debug_line    0x00013666       0xa4 CMakeFiles/ledmatrix.dir/root/pico-sdk/src/rp2_common/pico_crt0/crt0.S.obj
 .debug_line    0x0001370a      0x744 CMakeFiles/ledmatrix.dir/root/pico-sdk/src/rp2_common/pico_clib_interface/newlib_interface.c.obj
 .debug_line    0x00013e4e     0x1339 CMakeFiles/ledmatrix.dir/root/pico-sdk/src/rp2_common/pico_stdio/stdio.c.obj
 .debug_line    0x00015187      0xc92 CMakeFiles/ledmatrix.dir/root/pico-sdk/src/rp2_common/pico_stdio_uart/stdio_uart.c.obj
 .debug_line    0x00015e19     0x1838 CMakeFiles/ledmatrix.dir/root/pico-sdk/src/rp2_common/hardware_pio/pio.c.obj
 .debug_line    0x00017651       0x4a /usr/lib/gcc/arm-none-eabi/14.1.0/thumb/v6-m/nofp/libgcc.a(_dvmd_tls.o)
 .debug_line    0x0001769b       0xc7 /usr/lib/gcc/arm-none-eabi/14.1.0/../../../../arm-none-eabi/lib/thumb/v6-m/nofp/libg.a(libc_a-atexit.o)
 .debug_line    0x00017762       0xd1 /usr/lib/gcc/arm-none-eabi/14.1.0/../../../../arm-none-eabi/lib/thumb/v6-m/nofp/libg.a(libc_a-fini.o)
 .debug_line    0x00017833      0x15d /usr/lib/gcc/arm-none-eabi/14.1.0/../../../../arm-none-eabi/lib/thumb/v6-m/nofp/libg.a(libc_a-lock.o)
 .debug_line    0x00017990      0x1ab /usr/lib/gcc/arm-none-eabi/14.1.0/../../../../arm-none-eabi/lib/thumb/v6-m/nofp/libg.a(libc_a-strlen-stub.o)
 .debug_line    0x00017b3b      0x17a /usr/lib/gcc/arm-none-eabi/14.1.0/../../../../arm-none-eabi/lib/thumb/v6-m/nofp/libg.a(libc_a-__atexit.o)
 .debug_line    0x00017cb5      0x2bb /usr/lib/gcc/arm-none-eabi/14.1.0/../../../../arm-none-eabi/lib/thumb/v6-m/nofp/libg.a(libc_a-__call_atexit.o)

.debug_str      0x00000000     0x56bb
 .debug_str     0x00000000     0x56bb CMakeFiles/ledmatrix.dir/src/hub75.c.obj
                                0xebb (size before relaxing)
 .debug_str     0x000056bb      0xc41 CMakeFiles/ledmatrix.dir/root/pico-sdk/src/rp2_common/hardware_gpio/gpio.c.obj
 .debug_str     0x000056bb      0x1cc CMakeFiles/ledmatrix.dir/root/pico-sdk/src/rp2_common/pico_platform_panic/panic.c.obj
 .debug_str     0x000056bb      0x34f CMakeFiles/ledmatrix.dir/root/pico-sdk/src/common/hardware_claim/claim.c.obj
 .debug_str     0x000056bb      0x2f8 CMakeFiles/ledmatrix.dir/root/pico-sdk/src/rp2_common/hardware_sync/sync.c.obj
 .debug_str     0x000056bb      0x20b CMakeFiles/ledmatrix.dir/root/pico-sdk/src/rp2_common/hardware_sync_spin_lock/sync_spin_lock.c.obj
 .debug_str     0x000056bb      0xa2f CMakeFiles/ledmatrix.dir/root/pico-sdk/src/rp2_common/hardware_irq/irq.c.obj
 .debug_str     0x000056bb      0x1d7 CMakeFiles/ledmatrix.dir/root/pico-sdk/src/common/pico_sync/lock_core.c.obj
 .debug_str     0x000056bb      0x76a CMakeFiles/ledmatrix.dir/root/pico-sdk/src/common/pico_sync/mutex.c.obj
 .debug_str     0x000056bb     0x110f CMakeFiles/ledmatrix.dir/root/pico-sdk/src/common/pico_time/time.c.obj
 .debug_str     0x000056bb      0x9b2 CMakeFiles/ledmatrix.dir/root/pico-sdk/src/rp2_common/hardware_timer/timer.c.obj